// Jest Snapshot v1, https://goo.gl/fbAQLP

exports[`Home page renders correctly 1`] = `
Array [
  <div
    className="makeStyles-grow-1"
  >
    <header
      className="MuiPaper-root MuiAppBar-root MuiAppBar-positionStatic MuiAppBar-colorPrimary makeStyles-appBar-2 MuiPaper-elevation4"
    >
      <div
        className="MuiToolbar-root MuiToolbar-regular makeStyles-toolbar-3 MuiToolbar-gutters"
      >
        <h2
          className="MuiTypography-root MuiTypography-h2"
        >
          common:home.home
        </h2>
        <div
          className="MuiBox-root MuiBox-root-7"
        >
          <button
            className="MuiButtonBase-root MuiIconButton-root makeStyles-iconButtonBg-6"
            disabled={false}
            onBlur={[Function]}
            onClick={[Function]}
            onDragLeave={[Function]}
            onFocus={[Function]}
            onKeyDown={[Function]}
            onKeyUp={[Function]}
            onMouseDown={[Function]}
            onMouseLeave={[Function]}
            onMouseUp={[Function]}
            onTouchEnd={[Function]}
            onTouchMove={[Function]}
            onTouchStart={[Function]}
            tabIndex={0}
            type="button"
          >
            <span
              className="MuiIconButton-label"
            >
              <span
                aria-hidden={true}
                className="material-icons MuiIcon-root fa fa-ellipsis-v MuiIcon-fontSizeSmall"
              />
            </span>
          </button>
        </div>
      </div>
    </header>
  </div>,
  <div
    className="slideWrap"
  >
    <div
      className="swiper-container makeStyles-wrap-11"
    >
      <h3
        className="MuiTypography-root makeStyles-containerStart-18 MuiTypography-h3 MuiTypography-gutterBottom"
        slot="container-start"
      >
        おすすめユーザー
      </h3>
      <div
        className="swiper-wrapper"
      >
        <div
          className="swiper-slide makeStyles-slideWidth-17 makeStyles-slideWidth-19"
        >
          <div
            className="MuiBox-root MuiBox-root-20 makeStyles-wrap-9"
          >
            <div
              className="MuiAvatar-root makeStyles-root-21 makeStyles-root-22 MuiAvatar-circle"
            >
              <img
                className="MuiAvatar-img"
                src="https://picsum.photos/id/100/300/300"
              />
            </div>
            <span
              className="MuiTypography-root makeStyles-name-10 MuiTypography-caption"
            >
              わたなべ
            </span>
          </div>
        </div>
        <div
          className="swiper-slide makeStyles-slideWidth-17 makeStyles-slideWidth-19"
        >
          <div
            className="MuiBox-root MuiBox-root-23 makeStyles-wrap-9"
          >
            <div
              className="MuiAvatar-root makeStyles-root-21 makeStyles-root-24 MuiAvatar-circle"
            >
              <img
                className="MuiAvatar-img"
                src="https://picsum.photos/id/101/300/300"
              />
            </div>
            <span
              className="MuiTypography-root makeStyles-name-10 MuiTypography-caption"
            >
              グレちゃんグレちゃんグレちゃん
            </span>
          </div>
        </div>
        <div
          className="swiper-slide makeStyles-slideWidth-17 makeStyles-slideWidth-19"
        >
          <div
            className="MuiBox-root MuiBox-root-25 makeStyles-wrap-9"
          >
            <div
              className="MuiAvatar-root makeStyles-root-21 makeStyles-root-26 MuiAvatar-circle"
            >
              <img
                className="MuiAvatar-img"
                src="https://picsum.photos/id/99/300/300"
              />
            </div>
            <span
              className="MuiTypography-root makeStyles-name-10 MuiTypography-caption"
            >
              わたうに
            </span>
          </div>
        </div>
        <div
          className="swiper-slide makeStyles-slideWidth-17 makeStyles-slideWidth-19"
        >
          <div
            className="MuiBox-root MuiBox-root-27 makeStyles-wrap-9"
          >
            <div
              className="MuiAvatar-root makeStyles-root-21 makeStyles-root-28 MuiAvatar-circle"
            >
              <img
                className="MuiAvatar-img"
                src="https://picsum.photos/id/98/300/300"
              />
            </div>
            <span
              className="MuiTypography-root makeStyles-name-10 MuiTypography-caption"
            >
              コイチ
            </span>
          </div>
        </div>
        <div
          className="swiper-slide makeStyles-slideWidth-17 makeStyles-slideWidth-19"
        >
          <div
            className="MuiBox-root MuiBox-root-29 makeStyles-wrap-9"
          >
            <div
              className="MuiAvatar-root makeStyles-root-21 makeStyles-root-30 MuiAvatar-circle"
            >
              <img
                className="MuiAvatar-img"
                src="https://picsum.photos/id/97/300/300"
              />
            </div>
            <span
              className="MuiTypography-root makeStyles-name-10 MuiTypography-caption"
            >
              わたなべ
            </span>
          </div>
        </div>
        <div
          className="swiper-slide makeStyles-slideWidth-17 makeStyles-slideWidth-19"
        >
          <div
            className="MuiBox-root MuiBox-root-31 makeStyles-wrap-9"
          >
            <div
              className="MuiAvatar-root makeStyles-root-21 makeStyles-root-32 MuiAvatar-circle"
            >
              <img
                className="MuiAvatar-img"
                src="https://picsum.photos/id/96/300/300"
              />
            </div>
            <span
              className="MuiTypography-root makeStyles-name-10 MuiTypography-caption"
            >
              わたうに
            </span>
          </div>
        </div>
        <div
          className="swiper-slide makeStyles-slideWidth-17 makeStyles-slideWidth-19"
        >
          <div
            className="MuiBox-root MuiBox-root-33 makeStyles-wrap-9"
          >
            <div
              className="MuiAvatar-root makeStyles-root-21 makeStyles-root-34 MuiAvatar-circle"
            >
              <img
                className="MuiAvatar-img"
                src="https://picsum.photos/id/95/300/300"
              />
            </div>
            <span
              className="MuiTypography-root makeStyles-name-10 MuiTypography-caption"
            >
              わたうに
            </span>
          </div>
        </div>
        <div
          className="swiper-slide makeStyles-slideWidth-17 makeStyles-slideWidth-19"
        >
          <div
            className="MuiBox-root MuiBox-root-35 makeStyles-wrap-9"
          >
            <div
              className="MuiAvatar-root makeStyles-root-21 makeStyles-root-36 MuiAvatar-circle"
            >
              <img
                className="MuiAvatar-img"
                src="https://picsum.photos/id/94/300/300"
              />
            </div>
            <span
              className="MuiTypography-root makeStyles-name-10 MuiTypography-caption"
            >
              わたうに
            </span>
          </div>
        </div>
        <div
          className="swiper-slide makeStyles-slideWidth-17 makeStyles-slideWidth-19"
        >
          <div
            className="MuiBox-root MuiBox-root-37 makeStyles-wrap-9"
          >
            <div
              className="MuiAvatar-root makeStyles-root-21 makeStyles-root-38 MuiAvatar-circle"
            >
              <img
                className="MuiAvatar-img"
                src="https://picsum.photos/id/93/300/300"
              />
            </div>
            <span
              className="MuiTypography-root makeStyles-name-10 MuiTypography-caption"
            >
              わたうに
            </span>
          </div>
        </div>
        <div
          className="swiper-slide makeStyles-slideWidth-17 makeStyles-slideWidth-19"
        >
          <div
            className="MuiBox-root MuiBox-root-39 makeStyles-wrap-9"
          >
            <div
              className="MuiAvatar-root makeStyles-root-21 makeStyles-root-40 MuiAvatar-circle"
            >
              <img
                className="MuiAvatar-img"
                src="https://picsum.photos/id/92/300/300"
              />
            </div>
            <span
              className="MuiTypography-root makeStyles-name-10 MuiTypography-caption"
            >
              わたうに
            </span>
          </div>
        </div>
        <div
          className="swiper-slide makeStyles-slideWidth-17 makeStyles-slideWidth-19"
        >
          <div
            className="MuiBox-root MuiBox-root-41 makeStyles-wrap-9"
          >
            <div
              className="MuiAvatar-root makeStyles-root-21 makeStyles-root-42 MuiAvatar-circle"
            >
              <img
                className="MuiAvatar-img"
                src="https://picsum.photos/id/91/300/300"
              />
            </div>
            <span
              className="MuiTypography-root makeStyles-name-10 MuiTypography-caption"
            >
              わたうに
            </span>
          </div>
        </div>
        <div
          className="swiper-slide makeStyles-slideWidth-17 makeStyles-slideWidth-19"
        >
          <div
            className="MuiBox-root MuiBox-root-43 makeStyles-wrap-9"
          >
            <div
              className="MuiAvatar-root makeStyles-root-21 makeStyles-root-44 MuiAvatar-circle"
            >
              <img
                className="MuiAvatar-img"
                src="https://picsum.photos/id/90/300/300"
              />
            </div>
            <span
              className="MuiTypography-root makeStyles-name-10 MuiTypography-caption"
            >
              わたうに
            </span>
          </div>
        </div>
        <div
          className="swiper-slide makeStyles-slideWidth-17 makeStyles-slideWidth-19"
        >
          <div
            className="MuiBox-root MuiBox-root-45 makeStyles-wrap-9"
          >
            <div
              className="MuiAvatar-root makeStyles-root-21 makeStyles-root-46 MuiAvatar-circle"
            >
              <img
                className="MuiAvatar-img"
                src="https://picsum.photos/id/89/300/300"
              />
            </div>
            <span
              className="MuiTypography-root makeStyles-name-10 MuiTypography-caption"
            >
              わたうに
            </span>
          </div>
        </div>
        <div
          className="swiper-slide makeStyles-slideWidth-17 makeStyles-slideWidth-19"
        >
          <div
            className="MuiBox-root MuiBox-root-47 makeStyles-wrap-9"
          >
            <div
              className="MuiAvatar-root makeStyles-root-21 makeStyles-root-48 MuiAvatar-circle"
            >
              <img
                className="MuiAvatar-img"
                src="https://picsum.photos/id/88/300/300"
              />
            </div>
            <span
              className="MuiTypography-root makeStyles-name-10 MuiTypography-caption"
            >
              わたうに
            </span>
          </div>
        </div>
        <div
          className="swiper-slide makeStyles-slideWidth-17 makeStyles-slideWidth-19"
        >
          <div
            className="MuiBox-root MuiBox-root-49 makeStyles-wrap-9"
          >
            <div
              className="MuiAvatar-root makeStyles-root-21 makeStyles-root-50 MuiAvatar-circle"
            >
              <img
                className="MuiAvatar-img"
                src="https://picsum.photos/id/87/300/300"
              />
            </div>
            <span
              className="MuiTypography-root makeStyles-name-10 MuiTypography-caption"
            >
              わたうに
            </span>
          </div>
        </div>
      </div>
      <div
        className="MuiBox-root MuiBox-root-51"
        slot="container-end"
      >
        <a
          className="MuiTypography-root MuiLink-root MuiLink-underlineHover makeStyles-moreLink-15 MuiTypography-colorPrimary"
          href="#"
          onBlur={[Function]}
          onFocus={[Function]}
        >
          <p
            className="MuiTypography-root MuiTypography-body1"
          >
            common:common.see_more
            <span
              aria-hidden={true}
              className="material-icons MuiIcon-root makeStyles-moreIcon-16 fas fa-chevron-right MuiIcon-fontSizeSmall"
            />
          </p>
        </a>
      </div>
    </div>
  </div>,
  <div
    className="slideWrap"
  >
    <div
      className="swiper-container makeStyles-wrap-11"
    >
      <h3
        className="MuiTypography-root makeStyles-containerStart-18 MuiTypography-h3 MuiTypography-gutterBottom"
        slot="container-start"
      >
        おすすめの募集
      </h3>
      <div
        className="swiper-wrapper"
      >
        <div
          className="swiper-slide makeStyles-slideWidth-17 makeStyles-slideWidth-52"
        >
          <div
            className="MuiPaper-root MuiCard-root makeStyles-cardRoot-53 makeStyles-root-54 MuiPaper-elevation1 MuiPaper-rounded"
          >
            <div
              className="makeStyles-cornerWrap-58"
            >
              <div
                className="makeStyles-iconWrap-60"
              >
                <span
                  aria-hidden={true}
                  className="material-icons MuiIcon-root fas fa-users MuiIcon-fontSizeSmall"
                />
              </div>
              <div
                className="makeStyles-triangle-59"
              />
            </div>
            <div
              className="MuiBox-root MuiBox-root-61 makeStyles-mediaWrap-56"
            >
              <div
                className="MuiCardMedia-root makeStyles-media-57"
                style={
                  Object {
                    "backgroundImage": "url(\\"https://picsum.photos/id/412/240/120\\")",
                  }
                }
              />
            </div>
            <div
              className="MuiCardContent-root makeStyles-contentRoot-62"
            >
              <p
                className="MuiTypography-root MuiTypography-body1"
              >
                募集名が入ります。1 募集名が入ります。1募集名が入ります。1募集名が入ります。
              </p>
            </div>
          </div>
        </div>
        <div
          className="swiper-slide makeStyles-slideWidth-17 makeStyles-slideWidth-52"
        >
          <div
            className="MuiPaper-root MuiCard-root makeStyles-cardRoot-53 makeStyles-root-54 MuiPaper-elevation1 MuiPaper-rounded"
          >
            <div
              className="makeStyles-cornerWrap-58"
            >
              <div
                className="makeStyles-iconWrap-60"
              >
                <span
                  aria-hidden={true}
                  className="material-icons MuiIcon-root fas fa-users MuiIcon-fontSizeSmall"
                />
              </div>
              <div
                className="makeStyles-triangle-59"
              />
            </div>
            <div
              className="MuiBox-root MuiBox-root-63 makeStyles-mediaWrap-56"
            >
              <div
                className="MuiCardMedia-root makeStyles-media-57"
                style={
                  Object {
                    "backgroundImage": "url(\\"https://picsum.photos/id/403/240/120\\")",
                  }
                }
              />
            </div>
            <div
              className="MuiCardContent-root makeStyles-contentRoot-62"
            >
              <p
                className="MuiTypography-root MuiTypography-body1"
              >
                募集名が入ります。2募集名が入ります。2募集名が入ります。2募集名が入ります。2
              </p>
            </div>
          </div>
        </div>
        <div
          className="swiper-slide makeStyles-slideWidth-17 makeStyles-slideWidth-52"
        >
          <div
            className="MuiPaper-root MuiCard-root makeStyles-cardRoot-53 makeStyles-root-54 MuiPaper-elevation1 MuiPaper-rounded"
          >
            <div
              className="makeStyles-cornerWrap-58"
            >
              <div
                className="makeStyles-iconWrap-60"
              >
                <span
                  aria-hidden={true}
                  className="material-icons MuiIcon-root fas fa-users MuiIcon-fontSizeSmall"
                />
              </div>
              <div
                className="makeStyles-triangle-59"
              />
            </div>
            <div
              className="MuiBox-root MuiBox-root-64 makeStyles-mediaWrap-56"
            >
              <div
                className="MuiCardMedia-root makeStyles-media-57"
                style={
                  Object {
                    "backgroundImage": "url(\\"https://picsum.photos/id/402/240/120\\")",
                  }
                }
              />
            </div>
            <div
              className="MuiCardContent-root makeStyles-contentRoot-62"
            >
              <p
                className="MuiTypography-root MuiTypography-body1"
              >
                募集名が入ります。2募集名が入ります。2募集名が入ります。2募集名が入ります。2
              </p>
            </div>
          </div>
        </div>
        <div
          className="swiper-slide makeStyles-slideWidth-17 makeStyles-slideWidth-52"
        >
          <div
            className="MuiPaper-root MuiCard-root makeStyles-cardRoot-53 makeStyles-root-54 MuiPaper-elevation1 MuiPaper-rounded"
          >
            <div
              className="makeStyles-cornerWrap-58"
            >
              <div
                className="makeStyles-iconWrap-60"
              >
                <span
                  aria-hidden={true}
                  className="material-icons MuiIcon-root fas fa-users MuiIcon-fontSizeSmall"
                />
              </div>
              <div
                className="makeStyles-triangle-59"
              />
            </div>
            <div
              className="MuiBox-root MuiBox-root-65 makeStyles-mediaWrap-56"
            >
              <div
                className="MuiCardMedia-root makeStyles-media-57"
                style={
                  Object {
                    "backgroundImage": "url(\\"https://picsum.photos/id/401/240/120\\")",
                  }
                }
              />
            </div>
            <div
              className="MuiCardContent-root makeStyles-contentRoot-62"
            >
              <p
                className="MuiTypography-root MuiTypography-body1"
              >
                募集名が入ります。2募集名が入ります。2募集名が入ります。2募集名が入ります。2
              </p>
            </div>
          </div>
        </div>
        <div
          className="swiper-slide makeStyles-slideWidth-17 makeStyles-slideWidth-52"
        >
          <div
            className="MuiPaper-root MuiCard-root makeStyles-cardRoot-53 makeStyles-root-54 MuiPaper-elevation1 MuiPaper-rounded"
          >
            <div
              className="makeStyles-cornerWrap-58"
            >
              <div
                className="makeStyles-iconWrap-60"
              >
                <span
                  aria-hidden={true}
                  className="material-icons MuiIcon-root fas fa-users MuiIcon-fontSizeSmall"
                />
              </div>
              <div
                className="makeStyles-triangle-59"
              />
            </div>
            <div
              className="MuiBox-root MuiBox-root-66 makeStyles-mediaWrap-56"
            >
              <div
                className="MuiCardMedia-root makeStyles-media-57"
                style={
                  Object {
                    "backgroundImage": "url(\\"https://picsum.photos/id/400/240/120\\")",
                  }
                }
              />
            </div>
            <div
              className="MuiCardContent-root makeStyles-contentRoot-62"
            >
              <p
                className="MuiTypography-root MuiTypography-body1"
              >
                募集名が入ります。2募集名が入ります。2募集名が入ります。2募集名が入ります。25
              </p>
            </div>
          </div>
        </div>
        <div
          className="swiper-slide makeStyles-slideWidth-17 makeStyles-slideWidth-52"
        >
          <div
            className="MuiPaper-root MuiCard-root makeStyles-cardRoot-53 makeStyles-root-54 MuiPaper-elevation1 MuiPaper-rounded"
          >
            <div
              className="makeStyles-cornerWrap-58"
            >
              <div
                className="makeStyles-iconWrap-60"
              >
                <span
                  aria-hidden={true}
                  className="material-icons MuiIcon-root fas fa-users MuiIcon-fontSizeSmall"
                />
              </div>
              <div
                className="makeStyles-triangle-59"
              />
            </div>
            <div
              className="MuiBox-root MuiBox-root-67 makeStyles-mediaWrap-56"
            >
              <div
                className="MuiCardMedia-root makeStyles-media-57"
                style={
                  Object {
                    "backgroundImage": "url(\\"https://picsum.photos/id/399/240/120\\")",
                  }
                }
              />
            </div>
            <div
              className="MuiCardContent-root makeStyles-contentRoot-62"
            >
              <p
                className="MuiTypography-root MuiTypography-body1"
              >
                募集名が入ります。2募集名が入ります。2募集名が入ります。2募集名が入ります。26
              </p>
            </div>
          </div>
        </div>
        <div
          className="swiper-slide makeStyles-slideWidth-17 makeStyles-slideWidth-52"
        >
          <div
            className="MuiPaper-root MuiCard-root makeStyles-cardRoot-53 makeStyles-root-54 MuiPaper-elevation1 MuiPaper-rounded"
          >
            <div
              className="makeStyles-cornerWrap-58"
            >
              <div
                className="makeStyles-iconWrap-60"
              >
                <span
                  aria-hidden={true}
                  className="material-icons MuiIcon-root fas fa-users MuiIcon-fontSizeSmall"
                />
              </div>
              <div
                className="makeStyles-triangle-59"
              />
            </div>
            <div
              className="MuiBox-root MuiBox-root-68 makeStyles-mediaWrap-56"
            >
              <div
                className="MuiCardMedia-root makeStyles-media-57"
                style={
                  Object {
                    "backgroundImage": "url(\\"https://picsum.photos/id/398/240/120\\")",
                  }
                }
              />
            </div>
            <div
              className="MuiCardContent-root makeStyles-contentRoot-62"
            >
              <p
                className="MuiTypography-root MuiTypography-body1"
              >
                募集名が入ります。2募集名が入ります。2募集名が入ります。2募集名が入ります。27
              </p>
            </div>
          </div>
        </div>
        <div
          className="swiper-slide makeStyles-slideWidth-17 makeStyles-slideWidth-52"
        >
          <div
            className="MuiPaper-root MuiCard-root makeStyles-cardRoot-53 makeStyles-root-54 MuiPaper-elevation1 MuiPaper-rounded"
          >
            <div
              className="makeStyles-cornerWrap-58"
            >
              <div
                className="makeStyles-iconWrap-60"
              >
                <span
                  aria-hidden={true}
                  className="material-icons MuiIcon-root fas fa-users MuiIcon-fontSizeSmall"
                />
              </div>
              <div
                className="makeStyles-triangle-59"
              />
            </div>
            <div
              className="MuiBox-root MuiBox-root-69 makeStyles-mediaWrap-56"
            >
              <div
                className="MuiCardMedia-root makeStyles-media-57"
                style={
                  Object {
                    "backgroundImage": "url(\\"https://picsum.photos/id/397/240/120\\")",
                  }
                }
              />
            </div>
            <div
              className="MuiCardContent-root makeStyles-contentRoot-62"
            >
              <p
                className="MuiTypography-root MuiTypography-body1"
              >
                募集名が入ります。2募集名が入ります。2募集名が入ります。2募集名が入ります。28
              </p>
            </div>
          </div>
        </div>
      </div>
      <div
        className="makeStyles-sliderButtonPrev-13"
      >
        <span
          aria-hidden={true}
          className="material-icons MuiIcon-root makeStyles-fas-14 fas fa-chevron-left MuiIcon-fontSizeSmall"
        />
      </div>
      <div
        className="makeStyles-sliderButtonNext-12"
      >
        <span
          aria-hidden={true}
          className="material-icons MuiIcon-root makeStyles-fas-14 fas fa-chevron-right MuiIcon-fontSizeSmall"
        />
      </div>
      <div
        className="MuiBox-root MuiBox-root-70"
        slot="container-end"
      >
        <a
          className="MuiTypography-root MuiLink-root MuiLink-underlineHover makeStyles-moreLink-15 MuiTypography-colorPrimary"
          href="#"
          onBlur={[Function]}
          onFocus={[Function]}
        >
          <p
            className="MuiTypography-root MuiTypography-body1"
          >
            common:common.see_more
            <span
              aria-hidden={true}
              className="material-icons MuiIcon-root makeStyles-moreIcon-16 fas fa-chevron-right MuiIcon-fontSizeSmall"
            />
          </p>
        </a>
      </div>
    </div>
  </div>,
  <div
    className="slideWrap"
  >
    <div
      className="swiper-container makeStyles-wrap-11"
    >
      <h3
        className="MuiTypography-root makeStyles-containerStart-18 MuiTypography-h3 MuiTypography-gutterBottom"
        slot="container-start"
      >
        おすすめイベント
      </h3>
      <div
        className="swiper-wrapper"
      >
        <div
          className="swiper-slide makeStyles-slideWidth-17 makeStyles-slideWidth-71"
        >
          <div
            className="MuiPaper-root MuiCard-root makeStyles-cardRoot-53 makeStyles-root-54 MuiPaper-elevation1 MuiPaper-rounded"
          >
            <div
              className="makeStyles-cornerWrap-58"
            >
              <div
                className="makeStyles-iconWrap-60"
              >
                <span
                  aria-hidden={true}
                  className="material-icons MuiIcon-root fas fa-users MuiIcon-fontSizeSmall"
                />
              </div>
              <div
                className="makeStyles-triangle-59"
              />
            </div>
            <div
              className="MuiBox-root MuiBox-root-72 makeStyles-mediaWrap-56"
            >
              <div
                className="MuiCardMedia-root makeStyles-media-57"
                style={
                  Object {
                    "backgroundImage": "url(\\"https://picsum.photos/id/412/240/120\\")",
                  }
                }
              />
            </div>
            <div
              className="MuiCardContent-root makeStyles-contentRoot-62"
            >
              <p
                className="MuiTypography-root MuiTypography-body1"
              >
                募集名が入ります。1 募集名が入ります。1募集名が入ります。1募集名が入ります。
              </p>
            </div>
          </div>
        </div>
        <div
          className="swiper-slide makeStyles-slideWidth-17 makeStyles-slideWidth-71"
        >
          <div
            className="MuiPaper-root MuiCard-root makeStyles-cardRoot-53 makeStyles-root-54 MuiPaper-elevation1 MuiPaper-rounded"
          >
            <div
              className="makeStyles-cornerWrap-58"
            >
              <div
                className="makeStyles-iconWrap-60"
              >
                <span
                  aria-hidden={true}
                  className="material-icons MuiIcon-root fas fa-users MuiIcon-fontSizeSmall"
                />
              </div>
              <div
                className="makeStyles-triangle-59"
              />
            </div>
            <div
              className="MuiBox-root MuiBox-root-73 makeStyles-mediaWrap-56"
            >
              <div
                className="MuiCardMedia-root makeStyles-media-57"
                style={
                  Object {
                    "backgroundImage": "url(\\"https://picsum.photos/id/403/240/120\\")",
                  }
                }
              />
            </div>
            <div
              className="MuiCardContent-root makeStyles-contentRoot-62"
            >
              <p
                className="MuiTypography-root MuiTypography-body1"
              >
                募集名が入ります。2募集名が入ります。2募集名が入ります。2募集名が入ります。2
              </p>
            </div>
          </div>
        </div>
        <div
          className="swiper-slide makeStyles-slideWidth-17 makeStyles-slideWidth-71"
        >
          <div
            className="MuiPaper-root MuiCard-root makeStyles-cardRoot-53 makeStyles-root-54 MuiPaper-elevation1 MuiPaper-rounded"
          >
            <div
              className="makeStyles-cornerWrap-58"
            >
              <div
                className="makeStyles-iconWrap-60"
              >
                <span
                  aria-hidden={true}
                  className="material-icons MuiIcon-root fas fa-users MuiIcon-fontSizeSmall"
                />
              </div>
              <div
                className="makeStyles-triangle-59"
              />
            </div>
            <div
              className="MuiBox-root MuiBox-root-74 makeStyles-mediaWrap-56"
            >
              <div
                className="MuiCardMedia-root makeStyles-media-57"
                style={
                  Object {
                    "backgroundImage": "url(\\"https://picsum.photos/id/402/240/120\\")",
                  }
                }
              />
            </div>
            <div
              className="MuiCardContent-root makeStyles-contentRoot-62"
            >
              <p
                className="MuiTypography-root MuiTypography-body1"
              >
                募集名が入ります。2募集名が入ります。2募集名が入ります。2募集名が入ります。2
              </p>
            </div>
          </div>
        </div>
        <div
          className="swiper-slide makeStyles-slideWidth-17 makeStyles-slideWidth-71"
        >
          <div
            className="MuiPaper-root MuiCard-root makeStyles-cardRoot-53 makeStyles-root-54 MuiPaper-elevation1 MuiPaper-rounded"
          >
            <div
              className="makeStyles-cornerWrap-58"
            >
              <div
                className="makeStyles-iconWrap-60"
              >
                <span
                  aria-hidden={true}
                  className="material-icons MuiIcon-root fas fa-users MuiIcon-fontSizeSmall"
                />
              </div>
              <div
                className="makeStyles-triangle-59"
              />
            </div>
            <div
              className="MuiBox-root MuiBox-root-75 makeStyles-mediaWrap-56"
            >
              <div
                className="MuiCardMedia-root makeStyles-media-57"
                style={
                  Object {
                    "backgroundImage": "url(\\"https://picsum.photos/id/401/240/120\\")",
                  }
                }
              />
            </div>
            <div
              className="MuiCardContent-root makeStyles-contentRoot-62"
            >
              <p
                className="MuiTypography-root MuiTypography-body1"
              >
                募集名が入ります。2募集名が入ります。2募集名が入ります。2募集名が入ります。2
              </p>
            </div>
          </div>
        </div>
        <div
          className="swiper-slide makeStyles-slideWidth-17 makeStyles-slideWidth-71"
        >
          <div
            className="MuiPaper-root MuiCard-root makeStyles-cardRoot-53 makeStyles-root-54 MuiPaper-elevation1 MuiPaper-rounded"
          >
            <div
              className="makeStyles-cornerWrap-58"
            >
              <div
                className="makeStyles-iconWrap-60"
              >
                <span
                  aria-hidden={true}
                  className="material-icons MuiIcon-root fas fa-users MuiIcon-fontSizeSmall"
                />
              </div>
              <div
                className="makeStyles-triangle-59"
              />
            </div>
            <div
              className="MuiBox-root MuiBox-root-76 makeStyles-mediaWrap-56"
            >
              <div
                className="MuiCardMedia-root makeStyles-media-57"
                style={
                  Object {
                    "backgroundImage": "url(\\"https://picsum.photos/id/400/240/120\\")",
                  }
                }
              />
            </div>
            <div
              className="MuiCardContent-root makeStyles-contentRoot-62"
            >
              <p
                className="MuiTypography-root MuiTypography-body1"
              >
                募集名が入ります。2募集名が入ります。2募集名が入ります。2募集名が入ります。25
              </p>
            </div>
          </div>
        </div>
        <div
          className="swiper-slide makeStyles-slideWidth-17 makeStyles-slideWidth-71"
        >
          <div
            className="MuiPaper-root MuiCard-root makeStyles-cardRoot-53 makeStyles-root-54 MuiPaper-elevation1 MuiPaper-rounded"
          >
            <div
              className="makeStyles-cornerWrap-58"
            >
              <div
                className="makeStyles-iconWrap-60"
              >
                <span
                  aria-hidden={true}
                  className="material-icons MuiIcon-root fas fa-users MuiIcon-fontSizeSmall"
                />
              </div>
              <div
                className="makeStyles-triangle-59"
              />
            </div>
            <div
              className="MuiBox-root MuiBox-root-77 makeStyles-mediaWrap-56"
            >
              <div
                className="MuiCardMedia-root makeStyles-media-57"
                style={
                  Object {
                    "backgroundImage": "url(\\"https://picsum.photos/id/399/240/120\\")",
                  }
                }
              />
            </div>
            <div
              className="MuiCardContent-root makeStyles-contentRoot-62"
            >
              <p
                className="MuiTypography-root MuiTypography-body1"
              >
                募集名が入ります。2募集名が入ります。2募集名が入ります。2募集名が入ります。26
              </p>
            </div>
          </div>
        </div>
        <div
          className="swiper-slide makeStyles-slideWidth-17 makeStyles-slideWidth-71"
        >
          <div
            className="MuiPaper-root MuiCard-root makeStyles-cardRoot-53 makeStyles-root-54 MuiPaper-elevation1 MuiPaper-rounded"
          >
            <div
              className="makeStyles-cornerWrap-58"
            >
              <div
                className="makeStyles-iconWrap-60"
              >
                <span
                  aria-hidden={true}
                  className="material-icons MuiIcon-root fas fa-users MuiIcon-fontSizeSmall"
                />
              </div>
              <div
                className="makeStyles-triangle-59"
              />
            </div>
            <div
              className="MuiBox-root MuiBox-root-78 makeStyles-mediaWrap-56"
            >
              <div
                className="MuiCardMedia-root makeStyles-media-57"
                style={
                  Object {
                    "backgroundImage": "url(\\"https://picsum.photos/id/398/240/120\\")",
                  }
                }
              />
            </div>
            <div
              className="MuiCardContent-root makeStyles-contentRoot-62"
            >
              <p
                className="MuiTypography-root MuiTypography-body1"
              >
                募集名が入ります。2募集名が入ります。2募集名が入ります。2募集名が入ります。27
              </p>
            </div>
          </div>
        </div>
        <div
          className="swiper-slide makeStyles-slideWidth-17 makeStyles-slideWidth-71"
        >
          <div
            className="MuiPaper-root MuiCard-root makeStyles-cardRoot-53 makeStyles-root-54 MuiPaper-elevation1 MuiPaper-rounded"
          >
            <div
              className="makeStyles-cornerWrap-58"
            >
              <div
                className="makeStyles-iconWrap-60"
              >
                <span
                  aria-hidden={true}
                  className="material-icons MuiIcon-root fas fa-users MuiIcon-fontSizeSmall"
                />
              </div>
              <div
                className="makeStyles-triangle-59"
              />
            </div>
            <div
              className="MuiBox-root MuiBox-root-79 makeStyles-mediaWrap-56"
            >
              <div
                className="MuiCardMedia-root makeStyles-media-57"
                style={
                  Object {
                    "backgroundImage": "url(\\"https://picsum.photos/id/397/240/120\\")",
                  }
                }
              />
            </div>
            <div
              className="MuiCardContent-root makeStyles-contentRoot-62"
            >
              <p
                className="MuiTypography-root MuiTypography-body1"
              >
                募集名が入ります。2募集名が入ります。2募集名が入ります。2募集名が入ります。28
              </p>
            </div>
          </div>
        </div>
      </div>
      <div
        className="makeStyles-sliderButtonPrev-13"
      >
        <span
          aria-hidden={true}
          className="material-icons MuiIcon-root makeStyles-fas-14 fas fa-chevron-left MuiIcon-fontSizeSmall"
        />
      </div>
      <div
        className="makeStyles-sliderButtonNext-12"
      >
        <span
          aria-hidden={true}
          className="material-icons MuiIcon-root makeStyles-fas-14 fas fa-chevron-right MuiIcon-fontSizeSmall"
        />
      </div>
      <div
        className="MuiBox-root MuiBox-root-80"
        slot="container-end"
      >
        <a
          className="MuiTypography-root MuiLink-root MuiLink-underlineHover makeStyles-moreLink-15 MuiTypography-colorPrimary"
          href="#"
          onBlur={[Function]}
          onFocus={[Function]}
        >
          <p
            className="MuiTypography-root MuiTypography-body1"
          >
            common:common.see_more
            <span
              aria-hidden={true}
              className="material-icons MuiIcon-root makeStyles-moreIcon-16 fas fa-chevron-right MuiIcon-fontSizeSmall"
            />
          </p>
        </a>
      </div>
    </div>
  </div>,
  <div
    className="slideWrap"
  >
    <div
      className="swiper-container makeStyles-wrap-11"
    >
      <h3
        className="MuiTypography-root makeStyles-containerStart-18 MuiTypography-h3 MuiTypography-gutterBottom"
        slot="container-start"
      >
        フォローしている人の募集
      </h3>
      <div
        className="swiper-wrapper"
      >
        <div
          className="swiper-slide makeStyles-slideWidth-17 makeStyles-slideWidth-81"
        >
          <div
            className="MuiPaper-root MuiCard-root makeStyles-cardRoot-53 makeStyles-root-54 MuiPaper-elevation1 MuiPaper-rounded"
          >
            <div
              className="makeStyles-cornerWrap-58"
            >
              <div
                className="makeStyles-iconWrap-60"
              >
                <span
                  aria-hidden={true}
                  className="material-icons MuiIcon-root fas fa-users MuiIcon-fontSizeSmall"
                />
              </div>
              <div
                className="makeStyles-triangle-59"
              />
            </div>
            <div
              className="MuiBox-root MuiBox-root-82 makeStyles-mediaWrap-56"
            >
              <div
                className="MuiCardMedia-root makeStyles-media-57"
                style={
                  Object {
                    "backgroundImage": "url(\\"https://picsum.photos/id/412/240/120\\")",
                  }
                }
              />
            </div>
            <div
              className="MuiCardContent-root makeStyles-contentRoot-62"
            >
              <p
                className="MuiTypography-root MuiTypography-body1"
              >
                募集名が入ります。1 募集名が入ります。1募集名が入ります。1募集名が入ります。
              </p>
            </div>
          </div>
        </div>
        <div
          className="swiper-slide makeStyles-slideWidth-17 makeStyles-slideWidth-81"
        >
          <div
            className="MuiPaper-root MuiCard-root makeStyles-cardRoot-53 makeStyles-root-54 MuiPaper-elevation1 MuiPaper-rounded"
          >
            <div
              className="makeStyles-cornerWrap-58"
            >
              <div
                className="makeStyles-iconWrap-60"
              >
                <span
                  aria-hidden={true}
                  className="material-icons MuiIcon-root fas fa-users MuiIcon-fontSizeSmall"
                />
              </div>
              <div
                className="makeStyles-triangle-59"
              />
            </div>
            <div
              className="MuiBox-root MuiBox-root-83 makeStyles-mediaWrap-56"
            >
              <div
                className="MuiCardMedia-root makeStyles-media-57"
                style={
                  Object {
                    "backgroundImage": "url(\\"https://picsum.photos/id/403/240/120\\")",
                  }
                }
              />
            </div>
            <div
              className="MuiCardContent-root makeStyles-contentRoot-62"
            >
              <p
                className="MuiTypography-root MuiTypography-body1"
              >
                募集名が入ります。2募集名が入ります。2募集名が入ります。2募集名が入ります。2
              </p>
            </div>
          </div>
        </div>
        <div
          className="swiper-slide makeStyles-slideWidth-17 makeStyles-slideWidth-81"
        >
          <div
            className="MuiPaper-root MuiCard-root makeStyles-cardRoot-53 makeStyles-root-54 MuiPaper-elevation1 MuiPaper-rounded"
          >
            <div
              className="makeStyles-cornerWrap-58"
            >
              <div
                className="makeStyles-iconWrap-60"
              >
                <span
                  aria-hidden={true}
                  className="material-icons MuiIcon-root fas fa-users MuiIcon-fontSizeSmall"
                />
              </div>
              <div
                className="makeStyles-triangle-59"
              />
            </div>
            <div
              className="MuiBox-root MuiBox-root-84 makeStyles-mediaWrap-56"
            >
              <div
                className="MuiCardMedia-root makeStyles-media-57"
                style={
                  Object {
                    "backgroundImage": "url(\\"https://picsum.photos/id/402/240/120\\")",
                  }
                }
              />
            </div>
            <div
              className="MuiCardContent-root makeStyles-contentRoot-62"
            >
              <p
                className="MuiTypography-root MuiTypography-body1"
              >
                募集名が入ります。2募集名が入ります。2募集名が入ります。2募集名が入ります。2
              </p>
            </div>
          </div>
        </div>
        <div
          className="swiper-slide makeStyles-slideWidth-17 makeStyles-slideWidth-81"
        >
          <div
            className="MuiPaper-root MuiCard-root makeStyles-cardRoot-53 makeStyles-root-54 MuiPaper-elevation1 MuiPaper-rounded"
          >
            <div
              className="makeStyles-cornerWrap-58"
            >
              <div
                className="makeStyles-iconWrap-60"
              >
                <span
                  aria-hidden={true}
                  className="material-icons MuiIcon-root fas fa-users MuiIcon-fontSizeSmall"
                />
              </div>
              <div
                className="makeStyles-triangle-59"
              />
            </div>
            <div
              className="MuiBox-root MuiBox-root-85 makeStyles-mediaWrap-56"
            >
              <div
                className="MuiCardMedia-root makeStyles-media-57"
                style={
                  Object {
                    "backgroundImage": "url(\\"https://picsum.photos/id/401/240/120\\")",
                  }
                }
              />
            </div>
            <div
              className="MuiCardContent-root makeStyles-contentRoot-62"
            >
              <p
                className="MuiTypography-root MuiTypography-body1"
              >
                募集名が入ります。2募集名が入ります。2募集名が入ります。2募集名が入ります。2
              </p>
            </div>
          </div>
        </div>
        <div
          className="swiper-slide makeStyles-slideWidth-17 makeStyles-slideWidth-81"
        >
          <div
            className="MuiPaper-root MuiCard-root makeStyles-cardRoot-53 makeStyles-root-54 MuiPaper-elevation1 MuiPaper-rounded"
          >
            <div
              className="makeStyles-cornerWrap-58"
            >
              <div
                className="makeStyles-iconWrap-60"
              >
                <span
                  aria-hidden={true}
                  className="material-icons MuiIcon-root fas fa-users MuiIcon-fontSizeSmall"
                />
              </div>
              <div
                className="makeStyles-triangle-59"
              />
            </div>
            <div
              className="MuiBox-root MuiBox-root-86 makeStyles-mediaWrap-56"
            >
              <div
                className="MuiCardMedia-root makeStyles-media-57"
                style={
                  Object {
                    "backgroundImage": "url(\\"https://picsum.photos/id/400/240/120\\")",
                  }
                }
              />
            </div>
            <div
              className="MuiCardContent-root makeStyles-contentRoot-62"
            >
              <p
                className="MuiTypography-root MuiTypography-body1"
              >
                募集名が入ります。2募集名が入ります。2募集名が入ります。2募集名が入ります。25
              </p>
            </div>
          </div>
        </div>
        <div
          className="swiper-slide makeStyles-slideWidth-17 makeStyles-slideWidth-81"
        >
          <div
            className="MuiPaper-root MuiCard-root makeStyles-cardRoot-53 makeStyles-root-54 MuiPaper-elevation1 MuiPaper-rounded"
          >
            <div
              className="makeStyles-cornerWrap-58"
            >
              <div
                className="makeStyles-iconWrap-60"
              >
                <span
                  aria-hidden={true}
                  className="material-icons MuiIcon-root fas fa-users MuiIcon-fontSizeSmall"
                />
              </div>
              <div
                className="makeStyles-triangle-59"
              />
            </div>
            <div
              className="MuiBox-root MuiBox-root-87 makeStyles-mediaWrap-56"
            >
              <div
                className="MuiCardMedia-root makeStyles-media-57"
                style={
                  Object {
                    "backgroundImage": "url(\\"https://picsum.photos/id/399/240/120\\")",
                  }
                }
              />
            </div>
            <div
              className="MuiCardContent-root makeStyles-contentRoot-62"
            >
              <p
                className="MuiTypography-root MuiTypography-body1"
              >
                募集名が入ります。2募集名が入ります。2募集名が入ります。2募集名が入ります。26
              </p>
            </div>
          </div>
        </div>
        <div
          className="swiper-slide makeStyles-slideWidth-17 makeStyles-slideWidth-81"
        >
          <div
            className="MuiPaper-root MuiCard-root makeStyles-cardRoot-53 makeStyles-root-54 MuiPaper-elevation1 MuiPaper-rounded"
          >
            <div
              className="makeStyles-cornerWrap-58"
            >
              <div
                className="makeStyles-iconWrap-60"
              >
                <span
                  aria-hidden={true}
                  className="material-icons MuiIcon-root fas fa-users MuiIcon-fontSizeSmall"
                />
              </div>
              <div
                className="makeStyles-triangle-59"
              />
            </div>
            <div
              className="MuiBox-root MuiBox-root-88 makeStyles-mediaWrap-56"
            >
              <div
                className="MuiCardMedia-root makeStyles-media-57"
                style={
                  Object {
                    "backgroundImage": "url(\\"https://picsum.photos/id/398/240/120\\")",
                  }
                }
              />
            </div>
            <div
              className="MuiCardContent-root makeStyles-contentRoot-62"
            >
              <p
                className="MuiTypography-root MuiTypography-body1"
              >
                募集名が入ります。2募集名が入ります。2募集名が入ります。2募集名が入ります。27
              </p>
            </div>
          </div>
        </div>
        <div
          className="swiper-slide makeStyles-slideWidth-17 makeStyles-slideWidth-81"
        >
          <div
            className="MuiPaper-root MuiCard-root makeStyles-cardRoot-53 makeStyles-root-54 MuiPaper-elevation1 MuiPaper-rounded"
          >
            <div
              className="makeStyles-cornerWrap-58"
            >
              <div
                className="makeStyles-iconWrap-60"
              >
                <span
                  aria-hidden={true}
                  className="material-icons MuiIcon-root fas fa-users MuiIcon-fontSizeSmall"
                />
              </div>
              <div
                className="makeStyles-triangle-59"
              />
            </div>
            <div
              className="MuiBox-root MuiBox-root-89 makeStyles-mediaWrap-56"
            >
              <div
                className="MuiCardMedia-root makeStyles-media-57"
                style={
                  Object {
                    "backgroundImage": "url(\\"https://picsum.photos/id/397/240/120\\")",
                  }
                }
              />
            </div>
            <div
              className="MuiCardContent-root makeStyles-contentRoot-62"
            >
              <p
                className="MuiTypography-root MuiTypography-body1"
              >
                募集名が入ります。2募集名が入ります。2募集名が入ります。2募集名が入ります。28
              </p>
            </div>
          </div>
        </div>
      </div>
      <div
        className="makeStyles-sliderButtonPrev-13"
      >
        <span
          aria-hidden={true}
          className="material-icons MuiIcon-root makeStyles-fas-14 fas fa-chevron-left MuiIcon-fontSizeSmall"
        />
      </div>
      <div
        className="makeStyles-sliderButtonNext-12"
      >
        <span
          aria-hidden={true}
          className="material-icons MuiIcon-root makeStyles-fas-14 fas fa-chevron-right MuiIcon-fontSizeSmall"
        />
      </div>
      <div
        className="MuiBox-root MuiBox-root-90"
        slot="container-end"
      >
        <a
          className="MuiTypography-root MuiLink-root MuiLink-underlineHover makeStyles-moreLink-15 MuiTypography-colorPrimary"
          href="#"
          onBlur={[Function]}
          onFocus={[Function]}
        >
          <p
            className="MuiTypography-root MuiTypography-body1"
          >
            common:common.see_more
            <span
              aria-hidden={true}
              className="material-icons MuiIcon-root makeStyles-moreIcon-16 fas fa-chevron-right MuiIcon-fontSizeSmall"
            />
          </p>
        </a>
      </div>
    </div>
  </div>,
  <div
    className="slideWrap"
  >
    <div
      className="swiper-container makeStyles-wrap-11"
    >
      <h3
        className="MuiTypography-root makeStyles-containerStart-18 MuiTypography-h3 MuiTypography-gutterBottom"
        slot="container-start"
      >
        フォローしている人がエントリーしている大会
      </h3>
      <div
        className="swiper-wrapper"
      >
        <div
          className="swiper-slide makeStyles-slideWidth-17 makeStyles-slideWidth-91"
        >
          <div
            className="MuiPaper-root MuiCard-root makeStyles-cardRoot-53 makeStyles-root-54 MuiPaper-elevation1 MuiPaper-rounded"
          >
            <div
              className="makeStyles-cornerWrap-58"
            >
              <div
                className="makeStyles-iconWrap-60"
              >
                <span
                  aria-hidden={true}
                  className="material-icons MuiIcon-root fas fa-users MuiIcon-fontSizeSmall"
                />
              </div>
              <div
                className="makeStyles-triangle-59"
              />
            </div>
            <div
              className="MuiBox-root MuiBox-root-92 makeStyles-mediaWrap-56"
            >
              <div
                className="MuiCardMedia-root makeStyles-media-57"
                style={
                  Object {
                    "backgroundImage": "url(\\"https://picsum.photos/id/412/240/120\\")",
                  }
                }
              />
            </div>
            <div
              className="MuiCardContent-root makeStyles-contentRoot-62"
            >
              <p
                className="MuiTypography-root MuiTypography-body1"
              >
                募集名が入ります。1 募集名が入ります。1募集名が入ります。1募集名が入ります。
              </p>
            </div>
          </div>
        </div>
        <div
          className="swiper-slide makeStyles-slideWidth-17 makeStyles-slideWidth-91"
        >
          <div
            className="MuiPaper-root MuiCard-root makeStyles-cardRoot-53 makeStyles-root-54 MuiPaper-elevation1 MuiPaper-rounded"
          >
            <div
              className="makeStyles-cornerWrap-58"
            >
              <div
                className="makeStyles-iconWrap-60"
              >
                <span
                  aria-hidden={true}
                  className="material-icons MuiIcon-root fas fa-users MuiIcon-fontSizeSmall"
                />
              </div>
              <div
                className="makeStyles-triangle-59"
              />
            </div>
            <div
              className="MuiBox-root MuiBox-root-93 makeStyles-mediaWrap-56"
            >
              <div
                className="MuiCardMedia-root makeStyles-media-57"
                style={
                  Object {
                    "backgroundImage": "url(\\"https://picsum.photos/id/403/240/120\\")",
                  }
                }
              />
            </div>
            <div
              className="MuiCardContent-root makeStyles-contentRoot-62"
            >
              <p
                className="MuiTypography-root MuiTypography-body1"
              >
                募集名が入ります。2募集名が入ります。2募集名が入ります。2募集名が入ります。2
              </p>
            </div>
          </div>
        </div>
        <div
          className="swiper-slide makeStyles-slideWidth-17 makeStyles-slideWidth-91"
        >
          <div
            className="MuiPaper-root MuiCard-root makeStyles-cardRoot-53 makeStyles-root-54 MuiPaper-elevation1 MuiPaper-rounded"
          >
            <div
              className="makeStyles-cornerWrap-58"
            >
              <div
                className="makeStyles-iconWrap-60"
              >
                <span
                  aria-hidden={true}
                  className="material-icons MuiIcon-root fas fa-users MuiIcon-fontSizeSmall"
                />
              </div>
              <div
                className="makeStyles-triangle-59"
              />
            </div>
            <div
              className="MuiBox-root MuiBox-root-94 makeStyles-mediaWrap-56"
            >
              <div
                className="MuiCardMedia-root makeStyles-media-57"
                style={
                  Object {
                    "backgroundImage": "url(\\"https://picsum.photos/id/402/240/120\\")",
                  }
                }
              />
            </div>
            <div
              className="MuiCardContent-root makeStyles-contentRoot-62"
            >
              <p
                className="MuiTypography-root MuiTypography-body1"
              >
                募集名が入ります。2募集名が入ります。2募集名が入ります。2募集名が入ります。2
              </p>
            </div>
          </div>
        </div>
        <div
          className="swiper-slide makeStyles-slideWidth-17 makeStyles-slideWidth-91"
        >
          <div
            className="MuiPaper-root MuiCard-root makeStyles-cardRoot-53 makeStyles-root-54 MuiPaper-elevation1 MuiPaper-rounded"
          >
            <div
              className="makeStyles-cornerWrap-58"
            >
              <div
                className="makeStyles-iconWrap-60"
              >
                <span
                  aria-hidden={true}
                  className="material-icons MuiIcon-root fas fa-users MuiIcon-fontSizeSmall"
                />
              </div>
              <div
                className="makeStyles-triangle-59"
              />
            </div>
            <div
              className="MuiBox-root MuiBox-root-95 makeStyles-mediaWrap-56"
            >
              <div
                className="MuiCardMedia-root makeStyles-media-57"
                style={
                  Object {
                    "backgroundImage": "url(\\"https://picsum.photos/id/401/240/120\\")",
                  }
                }
              />
            </div>
            <div
              className="MuiCardContent-root makeStyles-contentRoot-62"
            >
              <p
                className="MuiTypography-root MuiTypography-body1"
              >
                募集名が入ります。2募集名が入ります。2募集名が入ります。2募集名が入ります。2
              </p>
            </div>
          </div>
        </div>
        <div
          className="swiper-slide makeStyles-slideWidth-17 makeStyles-slideWidth-91"
        >
          <div
            className="MuiPaper-root MuiCard-root makeStyles-cardRoot-53 makeStyles-root-54 MuiPaper-elevation1 MuiPaper-rounded"
          >
            <div
              className="makeStyles-cornerWrap-58"
            >
              <div
                className="makeStyles-iconWrap-60"
              >
                <span
                  aria-hidden={true}
                  className="material-icons MuiIcon-root fas fa-users MuiIcon-fontSizeSmall"
                />
              </div>
              <div
                className="makeStyles-triangle-59"
              />
            </div>
            <div
              className="MuiBox-root MuiBox-root-96 makeStyles-mediaWrap-56"
            >
              <div
                className="MuiCardMedia-root makeStyles-media-57"
                style={
                  Object {
                    "backgroundImage": "url(\\"https://picsum.photos/id/400/240/120\\")",
                  }
                }
              />
            </div>
            <div
              className="MuiCardContent-root makeStyles-contentRoot-62"
            >
              <p
                className="MuiTypography-root MuiTypography-body1"
              >
                募集名が入ります。2募集名が入ります。2募集名が入ります。2募集名が入ります。25
              </p>
            </div>
          </div>
        </div>
        <div
          className="swiper-slide makeStyles-slideWidth-17 makeStyles-slideWidth-91"
        >
          <div
            className="MuiPaper-root MuiCard-root makeStyles-cardRoot-53 makeStyles-root-54 MuiPaper-elevation1 MuiPaper-rounded"
          >
            <div
              className="makeStyles-cornerWrap-58"
            >
              <div
                className="makeStyles-iconWrap-60"
              >
                <span
                  aria-hidden={true}
                  className="material-icons MuiIcon-root fas fa-users MuiIcon-fontSizeSmall"
                />
              </div>
              <div
                className="makeStyles-triangle-59"
              />
            </div>
            <div
              className="MuiBox-root MuiBox-root-97 makeStyles-mediaWrap-56"
            >
              <div
                className="MuiCardMedia-root makeStyles-media-57"
                style={
                  Object {
                    "backgroundImage": "url(\\"https://picsum.photos/id/399/240/120\\")",
                  }
                }
              />
            </div>
            <div
              className="MuiCardContent-root makeStyles-contentRoot-62"
            >
              <p
                className="MuiTypography-root MuiTypography-body1"
              >
                募集名が入ります。2募集名が入ります。2募集名が入ります。2募集名が入ります。26
              </p>
            </div>
          </div>
        </div>
        <div
          className="swiper-slide makeStyles-slideWidth-17 makeStyles-slideWidth-91"
        >
          <div
            className="MuiPaper-root MuiCard-root makeStyles-cardRoot-53 makeStyles-root-54 MuiPaper-elevation1 MuiPaper-rounded"
          >
            <div
              className="makeStyles-cornerWrap-58"
            >
              <div
                className="makeStyles-iconWrap-60"
              >
                <span
                  aria-hidden={true}
                  className="material-icons MuiIcon-root fas fa-users MuiIcon-fontSizeSmall"
                />
              </div>
              <div
                className="makeStyles-triangle-59"
              />
            </div>
            <div
              className="MuiBox-root MuiBox-root-98 makeStyles-mediaWrap-56"
            >
              <div
                className="MuiCardMedia-root makeStyles-media-57"
                style={
                  Object {
                    "backgroundImage": "url(\\"https://picsum.photos/id/398/240/120\\")",
                  }
                }
              />
            </div>
            <div
              className="MuiCardContent-root makeStyles-contentRoot-62"
            >
              <p
                className="MuiTypography-root MuiTypography-body1"
              >
                募集名が入ります。2募集名が入ります。2募集名が入ります。2募集名が入ります。27
              </p>
            </div>
          </div>
        </div>
        <div
          className="swiper-slide makeStyles-slideWidth-17 makeStyles-slideWidth-91"
        >
          <div
            className="MuiPaper-root MuiCard-root makeStyles-cardRoot-53 makeStyles-root-54 MuiPaper-elevation1 MuiPaper-rounded"
          >
            <div
              className="makeStyles-cornerWrap-58"
            >
              <div
                className="makeStyles-iconWrap-60"
              >
                <span
                  aria-hidden={true}
                  className="material-icons MuiIcon-root fas fa-users MuiIcon-fontSizeSmall"
                />
              </div>
              <div
                className="makeStyles-triangle-59"
              />
            </div>
            <div
              className="MuiBox-root MuiBox-root-99 makeStyles-mediaWrap-56"
            >
              <div
                className="MuiCardMedia-root makeStyles-media-57"
                style={
                  Object {
                    "backgroundImage": "url(\\"https://picsum.photos/id/397/240/120\\")",
                  }
                }
              />
            </div>
            <div
              className="MuiCardContent-root makeStyles-contentRoot-62"
            >
              <p
                className="MuiTypography-root MuiTypography-body1"
              >
                募集名が入ります。2募集名が入ります。2募集名が入ります。2募集名が入ります。28
              </p>
            </div>
          </div>
        </div>
      </div>
      <div
        className="makeStyles-sliderButtonPrev-13"
      >
        <span
          aria-hidden={true}
          className="material-icons MuiIcon-root makeStyles-fas-14 fas fa-chevron-left MuiIcon-fontSizeSmall"
        />
      </div>
      <div
        className="makeStyles-sliderButtonNext-12"
      >
        <span
          aria-hidden={true}
          className="material-icons MuiIcon-root makeStyles-fas-14 fas fa-chevron-right MuiIcon-fontSizeSmall"
        />
      </div>
      <div
        className="MuiBox-root MuiBox-root-100"
        slot="container-end"
      >
        <a
          className="MuiTypography-root MuiLink-root MuiLink-underlineHover makeStyles-moreLink-15 MuiTypography-colorPrimary"
          href="#"
          onBlur={[Function]}
          onFocus={[Function]}
        >
          <p
            className="MuiTypography-root MuiTypography-body1"
          >
            common:common.see_more
            <span
              aria-hidden={true}
              className="material-icons MuiIcon-root makeStyles-moreIcon-16 fas fa-chevron-right MuiIcon-fontSizeSmall"
            />
          </p>
        </a>
      </div>
    </div>
  </div>,
  <div
    className="slideWrap"
  >
    <div
      className="swiper-container makeStyles-wrap-11"
    >
      <h3
        className="MuiTypography-root makeStyles-containerStart-18 MuiTypography-h3 MuiTypography-gutterBottom"
        slot="container-start"
      >
        フォローしている人がエントリーしていた大会結果
      </h3>
      <div
        className="swiper-wrapper"
      >
        <div
          className="swiper-slide makeStyles-slideWidth-17 makeStyles-slideWidth-101"
        >
          <div
            className="MuiPaper-root MuiCard-root makeStyles-cardRoot-53 makeStyles-root-54 MuiPaper-elevation1 MuiPaper-rounded"
          >
            <div
              className="makeStyles-cornerWrap-58"
            >
              <div
                className="makeStyles-iconWrap-60"
              >
                <span
                  aria-hidden={true}
                  className="material-icons MuiIcon-root fas fa-users MuiIcon-fontSizeSmall"
                />
              </div>
              <div
                className="makeStyles-triangle-59"
              />
            </div>
            <div
              className="MuiBox-root MuiBox-root-102 makeStyles-mediaWrap-56"
            >
              <div
                className="MuiCardMedia-root makeStyles-media-57"
                style={
                  Object {
                    "backgroundImage": "url(\\"https://picsum.photos/id/412/240/120\\")",
                  }
                }
              />
            </div>
            <div
              className="MuiCardContent-root makeStyles-contentRoot-62"
            >
              <p
                className="MuiTypography-root MuiTypography-body1"
              >
                募集名が入ります。1 募集名が入ります。1募集名が入ります。1募集名が入ります。
              </p>
            </div>
          </div>
        </div>
        <div
          className="swiper-slide makeStyles-slideWidth-17 makeStyles-slideWidth-101"
        >
          <div
            className="MuiPaper-root MuiCard-root makeStyles-cardRoot-53 makeStyles-root-54 MuiPaper-elevation1 MuiPaper-rounded"
          >
            <div
              className="makeStyles-cornerWrap-58"
            >
              <div
                className="makeStyles-iconWrap-60"
              >
                <span
                  aria-hidden={true}
                  className="material-icons MuiIcon-root fas fa-users MuiIcon-fontSizeSmall"
                />
              </div>
              <div
                className="makeStyles-triangle-59"
              />
            </div>
            <div
              className="MuiBox-root MuiBox-root-103 makeStyles-mediaWrap-56"
            >
              <div
                className="MuiCardMedia-root makeStyles-media-57"
                style={
                  Object {
                    "backgroundImage": "url(\\"https://picsum.photos/id/403/240/120\\")",
                  }
                }
              />
            </div>
            <div
              className="MuiCardContent-root makeStyles-contentRoot-62"
            >
              <p
                className="MuiTypography-root MuiTypography-body1"
              >
                募集名が入ります。2募集名が入ります。2募集名が入ります。2募集名が入ります。2
              </p>
            </div>
          </div>
        </div>
        <div
          className="swiper-slide makeStyles-slideWidth-17 makeStyles-slideWidth-101"
        >
          <div
            className="MuiPaper-root MuiCard-root makeStyles-cardRoot-53 makeStyles-root-54 MuiPaper-elevation1 MuiPaper-rounded"
          >
            <div
              className="makeStyles-cornerWrap-58"
            >
              <div
                className="makeStyles-iconWrap-60"
              >
                <span
                  aria-hidden={true}
                  className="material-icons MuiIcon-root fas fa-users MuiIcon-fontSizeSmall"
                />
              </div>
              <div
                className="makeStyles-triangle-59"
              />
            </div>
            <div
              className="MuiBox-root MuiBox-root-104 makeStyles-mediaWrap-56"
            >
              <div
                className="MuiCardMedia-root makeStyles-media-57"
                style={
                  Object {
                    "backgroundImage": "url(\\"https://picsum.photos/id/402/240/120\\")",
                  }
                }
              />
            </div>
            <div
              className="MuiCardContent-root makeStyles-contentRoot-62"
            >
              <p
                className="MuiTypography-root MuiTypography-body1"
              >
                募集名が入ります。2募集名が入ります。2募集名が入ります。2募集名が入ります。2
              </p>
            </div>
          </div>
        </div>
        <div
          className="swiper-slide makeStyles-slideWidth-17 makeStyles-slideWidth-101"
        >
          <div
            className="MuiPaper-root MuiCard-root makeStyles-cardRoot-53 makeStyles-root-54 MuiPaper-elevation1 MuiPaper-rounded"
          >
            <div
              className="makeStyles-cornerWrap-58"
            >
              <div
                className="makeStyles-iconWrap-60"
              >
                <span
                  aria-hidden={true}
                  className="material-icons MuiIcon-root fas fa-users MuiIcon-fontSizeSmall"
                />
              </div>
              <div
                className="makeStyles-triangle-59"
              />
            </div>
            <div
              className="MuiBox-root MuiBox-root-105 makeStyles-mediaWrap-56"
            >
              <div
                className="MuiCardMedia-root makeStyles-media-57"
                style={
                  Object {
                    "backgroundImage": "url(\\"https://picsum.photos/id/401/240/120\\")",
                  }
                }
              />
            </div>
            <div
              className="MuiCardContent-root makeStyles-contentRoot-62"
            >
              <p
                className="MuiTypography-root MuiTypography-body1"
              >
                募集名が入ります。2募集名が入ります。2募集名が入ります。2募集名が入ります。2
              </p>
            </div>
          </div>
        </div>
        <div
          className="swiper-slide makeStyles-slideWidth-17 makeStyles-slideWidth-101"
        >
          <div
            className="MuiPaper-root MuiCard-root makeStyles-cardRoot-53 makeStyles-root-54 MuiPaper-elevation1 MuiPaper-rounded"
          >
            <div
              className="makeStyles-cornerWrap-58"
            >
              <div
                className="makeStyles-iconWrap-60"
              >
                <span
                  aria-hidden={true}
                  className="material-icons MuiIcon-root fas fa-users MuiIcon-fontSizeSmall"
                />
              </div>
              <div
                className="makeStyles-triangle-59"
              />
            </div>
            <div
              className="MuiBox-root MuiBox-root-106 makeStyles-mediaWrap-56"
            >
              <div
                className="MuiCardMedia-root makeStyles-media-57"
                style={
                  Object {
                    "backgroundImage": "url(\\"https://picsum.photos/id/400/240/120\\")",
                  }
                }
              />
            </div>
            <div
              className="MuiCardContent-root makeStyles-contentRoot-62"
            >
              <p
                className="MuiTypography-root MuiTypography-body1"
              >
                募集名が入ります。2募集名が入ります。2募集名が入ります。2募集名が入ります。25
              </p>
            </div>
          </div>
        </div>
        <div
          className="swiper-slide makeStyles-slideWidth-17 makeStyles-slideWidth-101"
        >
          <div
            className="MuiPaper-root MuiCard-root makeStyles-cardRoot-53 makeStyles-root-54 MuiPaper-elevation1 MuiPaper-rounded"
          >
            <div
              className="makeStyles-cornerWrap-58"
            >
              <div
                className="makeStyles-iconWrap-60"
              >
                <span
                  aria-hidden={true}
                  className="material-icons MuiIcon-root fas fa-users MuiIcon-fontSizeSmall"
                />
              </div>
              <div
                className="makeStyles-triangle-59"
              />
            </div>
            <div
              className="MuiBox-root MuiBox-root-107 makeStyles-mediaWrap-56"
            >
              <div
                className="MuiCardMedia-root makeStyles-media-57"
                style={
                  Object {
                    "backgroundImage": "url(\\"https://picsum.photos/id/399/240/120\\")",
                  }
                }
              />
            </div>
            <div
              className="MuiCardContent-root makeStyles-contentRoot-62"
            >
              <p
                className="MuiTypography-root MuiTypography-body1"
              >
                募集名が入ります。2募集名が入ります。2募集名が入ります。2募集名が入ります。26
              </p>
            </div>
          </div>
        </div>
        <div
          className="swiper-slide makeStyles-slideWidth-17 makeStyles-slideWidth-101"
        >
          <div
            className="MuiPaper-root MuiCard-root makeStyles-cardRoot-53 makeStyles-root-54 MuiPaper-elevation1 MuiPaper-rounded"
          >
            <div
              className="makeStyles-cornerWrap-58"
            >
              <div
                className="makeStyles-iconWrap-60"
              >
                <span
                  aria-hidden={true}
                  className="material-icons MuiIcon-root fas fa-users MuiIcon-fontSizeSmall"
                />
              </div>
              <div
                className="makeStyles-triangle-59"
              />
            </div>
            <div
              className="MuiBox-root MuiBox-root-108 makeStyles-mediaWrap-56"
            >
              <div
                className="MuiCardMedia-root makeStyles-media-57"
                style={
                  Object {
                    "backgroundImage": "url(\\"https://picsum.photos/id/398/240/120\\")",
                  }
                }
              />
            </div>
            <div
              className="MuiCardContent-root makeStyles-contentRoot-62"
            >
              <p
                className="MuiTypography-root MuiTypography-body1"
              >
                募集名が入ります。2募集名が入ります。2募集名が入ります。2募集名が入ります。27
              </p>
            </div>
          </div>
        </div>
        <div
          className="swiper-slide makeStyles-slideWidth-17 makeStyles-slideWidth-101"
        >
          <div
            className="MuiPaper-root MuiCard-root makeStyles-cardRoot-53 makeStyles-root-54 MuiPaper-elevation1 MuiPaper-rounded"
          >
            <div
              className="makeStyles-cornerWrap-58"
            >
              <div
                className="makeStyles-iconWrap-60"
              >
                <span
                  aria-hidden={true}
                  className="material-icons MuiIcon-root fas fa-users MuiIcon-fontSizeSmall"
                />
              </div>
              <div
                className="makeStyles-triangle-59"
              />
            </div>
            <div
              className="MuiBox-root MuiBox-root-109 makeStyles-mediaWrap-56"
            >
              <div
                className="MuiCardMedia-root makeStyles-media-57"
                style={
                  Object {
                    "backgroundImage": "url(\\"https://picsum.photos/id/397/240/120\\")",
                  }
                }
              />
            </div>
            <div
              className="MuiCardContent-root makeStyles-contentRoot-62"
            >
              <p
                className="MuiTypography-root MuiTypography-body1"
              >
                募集名が入ります。2募集名が入ります。2募集名が入ります。2募集名が入ります。28
              </p>
            </div>
          </div>
        </div>
      </div>
      <div
        className="makeStyles-sliderButtonPrev-13"
      >
        <span
          aria-hidden={true}
          className="material-icons MuiIcon-root makeStyles-fas-14 fas fa-chevron-left MuiIcon-fontSizeSmall"
        />
      </div>
      <div
        className="makeStyles-sliderButtonNext-12"
      >
        <span
          aria-hidden={true}
          className="material-icons MuiIcon-root makeStyles-fas-14 fas fa-chevron-right MuiIcon-fontSizeSmall"
        />
      </div>
      <div
        className="MuiBox-root MuiBox-root-110"
        slot="container-end"
      >
        <a
          className="MuiTypography-root MuiLink-root MuiLink-underlineHover makeStyles-moreLink-15 MuiTypography-colorPrimary"
          href="#"
          onBlur={[Function]}
          onFocus={[Function]}
        >
          <p
            className="MuiTypography-root MuiTypography-body1"
          >
            common:common.see_more
            <span
              aria-hidden={true}
              className="material-icons MuiIcon-root makeStyles-moreIcon-16 fas fa-chevron-right MuiIcon-fontSizeSmall"
            />
          </p>
        </a>
      </div>
    </div>
  </div>,
  <div
    className="slideWrap"
  >
    <div
      className="swiper-container makeStyles-wrap-11"
    >
      <h3
        className="MuiTypography-root makeStyles-containerStart-18 MuiTypography-h3 MuiTypography-gutterBottom"
        slot="container-start"
      >
        フォローしている人の書き込みトピック
      </h3>
      <div
        className="swiper-wrapper"
      >
        <div
          className="swiper-slide makeStyles-slideWidth-17 makeStyles-slideWidth-111"
        >
          <div
            className="MuiPaper-root MuiCard-root makeStyles-cardRoot-53 makeStyles-root-54 MuiPaper-elevation1 MuiPaper-rounded"
          >
            <div
              className="makeStyles-cornerWrap-58"
            >
              <div
                className="makeStyles-iconWrap-60"
              >
                <span
                  aria-hidden={true}
                  className="material-icons MuiIcon-root fas fa-users MuiIcon-fontSizeSmall"
                />
              </div>
              <div
                className="makeStyles-triangle-59"
              />
            </div>
            <div
              className="MuiBox-root MuiBox-root-112 makeStyles-mediaWrap-56"
            >
              <div
                className="MuiCardMedia-root makeStyles-media-57"
                style={
                  Object {
                    "backgroundImage": "url(\\"https://picsum.photos/id/412/240/120\\")",
                  }
                }
              />
            </div>
            <div
              className="MuiCardContent-root makeStyles-contentRoot-62"
            >
              <p
                className="MuiTypography-root MuiTypography-body1"
              >
                募集名が入ります。1 募集名が入ります。1募集名が入ります。1募集名が入ります。
              </p>
            </div>
          </div>
        </div>
        <div
          className="swiper-slide makeStyles-slideWidth-17 makeStyles-slideWidth-111"
        >
          <div
            className="MuiPaper-root MuiCard-root makeStyles-cardRoot-53 makeStyles-root-54 MuiPaper-elevation1 MuiPaper-rounded"
          >
            <div
              className="makeStyles-cornerWrap-58"
            >
              <div
                className="makeStyles-iconWrap-60"
              >
                <span
                  aria-hidden={true}
                  className="material-icons MuiIcon-root fas fa-users MuiIcon-fontSizeSmall"
                />
              </div>
              <div
                className="makeStyles-triangle-59"
              />
            </div>
            <div
              className="MuiBox-root MuiBox-root-113 makeStyles-mediaWrap-56"
            >
              <div
                className="MuiCardMedia-root makeStyles-media-57"
                style={
                  Object {
                    "backgroundImage": "url(\\"https://picsum.photos/id/403/240/120\\")",
                  }
                }
              />
            </div>
            <div
              className="MuiCardContent-root makeStyles-contentRoot-62"
            >
              <p
                className="MuiTypography-root MuiTypography-body1"
              >
                募集名が入ります。2募集名が入ります。2募集名が入ります。2募集名が入ります。2
              </p>
            </div>
          </div>
        </div>
        <div
          className="swiper-slide makeStyles-slideWidth-17 makeStyles-slideWidth-111"
        >
          <div
            className="MuiPaper-root MuiCard-root makeStyles-cardRoot-53 makeStyles-root-54 MuiPaper-elevation1 MuiPaper-rounded"
          >
            <div
              className="makeStyles-cornerWrap-58"
            >
              <div
                className="makeStyles-iconWrap-60"
              >
                <span
                  aria-hidden={true}
                  className="material-icons MuiIcon-root fas fa-users MuiIcon-fontSizeSmall"
                />
              </div>
              <div
                className="makeStyles-triangle-59"
              />
            </div>
            <div
              className="MuiBox-root MuiBox-root-114 makeStyles-mediaWrap-56"
            >
              <div
                className="MuiCardMedia-root makeStyles-media-57"
                style={
                  Object {
                    "backgroundImage": "url(\\"https://picsum.photos/id/402/240/120\\")",
                  }
                }
              />
            </div>
            <div
              className="MuiCardContent-root makeStyles-contentRoot-62"
            >
              <p
                className="MuiTypography-root MuiTypography-body1"
              >
                募集名が入ります。2募集名が入ります。2募集名が入ります。2募集名が入ります。2
              </p>
            </div>
          </div>
        </div>
        <div
          className="swiper-slide makeStyles-slideWidth-17 makeStyles-slideWidth-111"
        >
          <div
            className="MuiPaper-root MuiCard-root makeStyles-cardRoot-53 makeStyles-root-54 MuiPaper-elevation1 MuiPaper-rounded"
          >
            <div
              className="makeStyles-cornerWrap-58"
            >
              <div
                className="makeStyles-iconWrap-60"
              >
                <span
                  aria-hidden={true}
                  className="material-icons MuiIcon-root fas fa-users MuiIcon-fontSizeSmall"
                />
              </div>
              <div
                className="makeStyles-triangle-59"
              />
            </div>
            <div
              className="MuiBox-root MuiBox-root-115 makeStyles-mediaWrap-56"
            >
              <div
                className="MuiCardMedia-root makeStyles-media-57"
                style={
                  Object {
                    "backgroundImage": "url(\\"https://picsum.photos/id/401/240/120\\")",
                  }
                }
              />
            </div>
            <div
              className="MuiCardContent-root makeStyles-contentRoot-62"
            >
              <p
                className="MuiTypography-root MuiTypography-body1"
              >
                募集名が入ります。2募集名が入ります。2募集名が入ります。2募集名が入ります。2
              </p>
            </div>
          </div>
        </div>
        <div
          className="swiper-slide makeStyles-slideWidth-17 makeStyles-slideWidth-111"
        >
          <div
            className="MuiPaper-root MuiCard-root makeStyles-cardRoot-53 makeStyles-root-54 MuiPaper-elevation1 MuiPaper-rounded"
          >
            <div
              className="makeStyles-cornerWrap-58"
            >
              <div
                className="makeStyles-iconWrap-60"
              >
                <span
                  aria-hidden={true}
                  className="material-icons MuiIcon-root fas fa-users MuiIcon-fontSizeSmall"
                />
              </div>
              <div
                className="makeStyles-triangle-59"
              />
            </div>
            <div
              className="MuiBox-root MuiBox-root-116 makeStyles-mediaWrap-56"
            >
              <div
                className="MuiCardMedia-root makeStyles-media-57"
                style={
                  Object {
                    "backgroundImage": "url(\\"https://picsum.photos/id/400/240/120\\")",
                  }
                }
              />
            </div>
            <div
              className="MuiCardContent-root makeStyles-contentRoot-62"
            >
              <p
                className="MuiTypography-root MuiTypography-body1"
              >
                募集名が入ります。2募集名が入ります。2募集名が入ります。2募集名が入ります。25
              </p>
            </div>
          </div>
        </div>
        <div
          className="swiper-slide makeStyles-slideWidth-17 makeStyles-slideWidth-111"
        >
          <div
            className="MuiPaper-root MuiCard-root makeStyles-cardRoot-53 makeStyles-root-54 MuiPaper-elevation1 MuiPaper-rounded"
          >
            <div
              className="makeStyles-cornerWrap-58"
            >
              <div
                className="makeStyles-iconWrap-60"
              >
                <span
                  aria-hidden={true}
                  className="material-icons MuiIcon-root fas fa-users MuiIcon-fontSizeSmall"
                />
              </div>
              <div
                className="makeStyles-triangle-59"
              />
            </div>
            <div
              className="MuiBox-root MuiBox-root-117 makeStyles-mediaWrap-56"
            >
              <div
                className="MuiCardMedia-root makeStyles-media-57"
                style={
                  Object {
                    "backgroundImage": "url(\\"https://picsum.photos/id/399/240/120\\")",
                  }
                }
              />
            </div>
            <div
              className="MuiCardContent-root makeStyles-contentRoot-62"
            >
              <p
                className="MuiTypography-root MuiTypography-body1"
              >
                募集名が入ります。2募集名が入ります。2募集名が入ります。2募集名が入ります。26
              </p>
            </div>
          </div>
        </div>
        <div
          className="swiper-slide makeStyles-slideWidth-17 makeStyles-slideWidth-111"
        >
          <div
            className="MuiPaper-root MuiCard-root makeStyles-cardRoot-53 makeStyles-root-54 MuiPaper-elevation1 MuiPaper-rounded"
          >
            <div
              className="makeStyles-cornerWrap-58"
            >
              <div
                className="makeStyles-iconWrap-60"
              >
                <span
                  aria-hidden={true}
                  className="material-icons MuiIcon-root fas fa-users MuiIcon-fontSizeSmall"
                />
              </div>
              <div
                className="makeStyles-triangle-59"
              />
            </div>
            <div
              className="MuiBox-root MuiBox-root-118 makeStyles-mediaWrap-56"
            >
              <div
                className="MuiCardMedia-root makeStyles-media-57"
                style={
                  Object {
                    "backgroundImage": "url(\\"https://picsum.photos/id/398/240/120\\")",
                  }
                }
              />
            </div>
            <div
              className="MuiCardContent-root makeStyles-contentRoot-62"
            >
              <p
                className="MuiTypography-root MuiTypography-body1"
              >
                募集名が入ります。2募集名が入ります。2募集名が入ります。2募集名が入ります。27
              </p>
            </div>
          </div>
        </div>
        <div
          className="swiper-slide makeStyles-slideWidth-17 makeStyles-slideWidth-111"
        >
          <div
            className="MuiPaper-root MuiCard-root makeStyles-cardRoot-53 makeStyles-root-54 MuiPaper-elevation1 MuiPaper-rounded"
          >
            <div
              className="makeStyles-cornerWrap-58"
            >
              <div
                className="makeStyles-iconWrap-60"
              >
                <span
                  aria-hidden={true}
                  className="material-icons MuiIcon-root fas fa-users MuiIcon-fontSizeSmall"
                />
              </div>
              <div
                className="makeStyles-triangle-59"
              />
            </div>
            <div
              className="MuiBox-root MuiBox-root-119 makeStyles-mediaWrap-56"
            >
              <div
                className="MuiCardMedia-root makeStyles-media-57"
                style={
                  Object {
                    "backgroundImage": "url(\\"https://picsum.photos/id/397/240/120\\")",
                  }
                }
              />
            </div>
            <div
              className="MuiCardContent-root makeStyles-contentRoot-62"
            >
              <p
                className="MuiTypography-root MuiTypography-body1"
              >
                募集名が入ります。2募集名が入ります。2募集名が入ります。2募集名が入ります。28
              </p>
            </div>
          </div>
        </div>
      </div>
      <div
        className="makeStyles-sliderButtonPrev-13"
      >
        <span
          aria-hidden={true}
          className="material-icons MuiIcon-root makeStyles-fas-14 fas fa-chevron-left MuiIcon-fontSizeSmall"
        />
      </div>
      <div
        className="makeStyles-sliderButtonNext-12"
      >
        <span
          aria-hidden={true}
          className="material-icons MuiIcon-root makeStyles-fas-14 fas fa-chevron-right MuiIcon-fontSizeSmall"
        />
      </div>
      <div
        className="MuiBox-root MuiBox-root-120"
        slot="container-end"
      >
        <a
          className="MuiTypography-root MuiLink-root MuiLink-underlineHover makeStyles-moreLink-15 MuiTypography-colorPrimary"
          href="#"
          onBlur={[Function]}
          onFocus={[Function]}
        >
          <p
            className="MuiTypography-root MuiTypography-body1"
          >
            common:common.see_more
            <span
              aria-hidden={true}
              className="material-icons MuiIcon-root makeStyles-moreIcon-16 fas fa-chevron-right MuiIcon-fontSizeSmall"
            />
          </p>
        </a>
      </div>
    </div>
  </div>,
]
`;
