// Jest Snapshot v1, https://goo.gl/fbAQLP

exports[`Home page renders correctly 1`] = `
Array [
  <div
    className="makeStyles-grow-1"
  >
    <header
      className="MuiPaper-root MuiAppBar-root MuiAppBar-positionStatic MuiAppBar-colorPrimary makeStyles-appBar-2 MuiPaper-elevation4"
    >
      <div
        className="MuiToolbar-root MuiToolbar-regular makeStyles-toolbar-3 MuiToolbar-gutters"
      >
        <h2
          className="MuiTypography-root MuiTypography-h2"
        >
          common:home.home
        </h2>
        <button
          className="MuiButtonBase-root MuiIconButton-root"
          disabled={false}
          onBlur={[Function]}
          onDragLeave={[Function]}
          onFocus={[Function]}
          onKeyDown={[Function]}
          onKeyUp={[Function]}
          onMouseDown={[Function]}
          onMouseLeave={[Function]}
          onMouseUp={[Function]}
          onTouchEnd={[Function]}
          onTouchMove={[Function]}
          onTouchStart={[Function]}
          tabIndex={0}
          type="button"
        >
          <span
            className="MuiIconButton-label"
          >
            <span
              aria-hidden={true}
              className="material-icons MuiIcon-root fas fa-ellipsis-v MuiIcon-fontSizeSmall"
            />
          </span>
        </button>
      </div>
    </header>
  </div>,
  <div
    className="slideWrap"
  >
    <div
      className="swiper-container makeStyles-wrap-8"
    >
      <h3
        className="MuiTypography-root makeStyles-containerStart-15 MuiTypography-h3 MuiTypography-gutterBottom"
        slot="container-start"
      >
        おすすめユーザー
      </h3>
      <div
        className="swiper-wrapper"
      >
        <div
          className="swiper-slide makeStyles-slideWidth-14 makeStyles-slideWidth-16"
        >
          <div
            className="MuiBox-root MuiBox-root-17 makeStyles-wrap-6"
          >
            <div
              className="MuiAvatar-root makeStyles-root-18 makeStyles-root-19 MuiAvatar-circle"
            >
              <img
                className="MuiAvatar-img"
                src="https://picsum.photos/id/100/300/300"
              />
            </div>
            <span
              className="MuiTypography-root makeStyles-name-7 MuiTypography-caption"
            >
              わたなべ
            </span>
          </div>
        </div>
        <div
          className="swiper-slide makeStyles-slideWidth-14 makeStyles-slideWidth-16"
        >
          <div
            className="MuiBox-root MuiBox-root-20 makeStyles-wrap-6"
          >
            <div
              className="MuiAvatar-root makeStyles-root-18 makeStyles-root-21 MuiAvatar-circle"
            >
              <img
                className="MuiAvatar-img"
                src="https://picsum.photos/id/101/300/300"
              />
            </div>
            <span
              className="MuiTypography-root makeStyles-name-7 MuiTypography-caption"
            >
              グレちゃんグレちゃんグレちゃん
            </span>
          </div>
        </div>
        <div
          className="swiper-slide makeStyles-slideWidth-14 makeStyles-slideWidth-16"
        >
          <div
            className="MuiBox-root MuiBox-root-22 makeStyles-wrap-6"
          >
            <div
              className="MuiAvatar-root makeStyles-root-18 makeStyles-root-23 MuiAvatar-circle"
            >
              <img
                className="MuiAvatar-img"
                src="https://picsum.photos/id/99/300/300"
              />
            </div>
            <span
              className="MuiTypography-root makeStyles-name-7 MuiTypography-caption"
            >
              わたうに
            </span>
          </div>
        </div>
        <div
          className="swiper-slide makeStyles-slideWidth-14 makeStyles-slideWidth-16"
        >
          <div
            className="MuiBox-root MuiBox-root-24 makeStyles-wrap-6"
          >
            <div
              className="MuiAvatar-root makeStyles-root-18 makeStyles-root-25 MuiAvatar-circle"
            >
              <img
                className="MuiAvatar-img"
                src="https://picsum.photos/id/98/300/300"
              />
            </div>
            <span
              className="MuiTypography-root makeStyles-name-7 MuiTypography-caption"
            >
              コイチ
            </span>
          </div>
        </div>
        <div
          className="swiper-slide makeStyles-slideWidth-14 makeStyles-slideWidth-16"
        >
          <div
            className="MuiBox-root MuiBox-root-26 makeStyles-wrap-6"
          >
            <div
              className="MuiAvatar-root makeStyles-root-18 makeStyles-root-27 MuiAvatar-circle"
            >
              <img
                className="MuiAvatar-img"
                src="https://picsum.photos/id/97/300/300"
              />
            </div>
            <span
              className="MuiTypography-root makeStyles-name-7 MuiTypography-caption"
            >
              わたなべ
            </span>
          </div>
        </div>
        <div
          className="swiper-slide makeStyles-slideWidth-14 makeStyles-slideWidth-16"
        >
          <div
            className="MuiBox-root MuiBox-root-28 makeStyles-wrap-6"
          >
            <div
              className="MuiAvatar-root makeStyles-root-18 makeStyles-root-29 MuiAvatar-circle"
            >
              <img
                className="MuiAvatar-img"
                src="https://picsum.photos/id/96/300/300"
              />
            </div>
            <span
              className="MuiTypography-root makeStyles-name-7 MuiTypography-caption"
            >
              わたうに
            </span>
          </div>
        </div>
        <div
          className="swiper-slide makeStyles-slideWidth-14 makeStyles-slideWidth-16"
        >
          <div
            className="MuiBox-root MuiBox-root-30 makeStyles-wrap-6"
          >
            <div
              className="MuiAvatar-root makeStyles-root-18 makeStyles-root-31 MuiAvatar-circle"
            >
              <img
                className="MuiAvatar-img"
                src="https://picsum.photos/id/95/300/300"
              />
            </div>
            <span
              className="MuiTypography-root makeStyles-name-7 MuiTypography-caption"
            >
              わたうに
            </span>
          </div>
        </div>
        <div
          className="swiper-slide makeStyles-slideWidth-14 makeStyles-slideWidth-16"
        >
          <div
            className="MuiBox-root MuiBox-root-32 makeStyles-wrap-6"
          >
            <div
              className="MuiAvatar-root makeStyles-root-18 makeStyles-root-33 MuiAvatar-circle"
            >
              <img
                className="MuiAvatar-img"
                src="https://picsum.photos/id/94/300/300"
              />
            </div>
            <span
              className="MuiTypography-root makeStyles-name-7 MuiTypography-caption"
            >
              わたうに
            </span>
          </div>
        </div>
        <div
          className="swiper-slide makeStyles-slideWidth-14 makeStyles-slideWidth-16"
        >
          <div
            className="MuiBox-root MuiBox-root-34 makeStyles-wrap-6"
          >
            <div
              className="MuiAvatar-root makeStyles-root-18 makeStyles-root-35 MuiAvatar-circle"
            >
              <img
                className="MuiAvatar-img"
                src="https://picsum.photos/id/93/300/300"
              />
            </div>
            <span
              className="MuiTypography-root makeStyles-name-7 MuiTypography-caption"
            >
              わたうに
            </span>
          </div>
        </div>
        <div
          className="swiper-slide makeStyles-slideWidth-14 makeStyles-slideWidth-16"
        >
          <div
            className="MuiBox-root MuiBox-root-36 makeStyles-wrap-6"
          >
            <div
              className="MuiAvatar-root makeStyles-root-18 makeStyles-root-37 MuiAvatar-circle"
            >
              <img
                className="MuiAvatar-img"
                src="https://picsum.photos/id/92/300/300"
              />
            </div>
            <span
              className="MuiTypography-root makeStyles-name-7 MuiTypography-caption"
            >
              わたうに
            </span>
          </div>
        </div>
        <div
          className="swiper-slide makeStyles-slideWidth-14 makeStyles-slideWidth-16"
        >
          <div
            className="MuiBox-root MuiBox-root-38 makeStyles-wrap-6"
          >
            <div
              className="MuiAvatar-root makeStyles-root-18 makeStyles-root-39 MuiAvatar-circle"
            >
              <img
                className="MuiAvatar-img"
                src="https://picsum.photos/id/91/300/300"
              />
            </div>
            <span
              className="MuiTypography-root makeStyles-name-7 MuiTypography-caption"
            >
              わたうに
            </span>
          </div>
        </div>
        <div
          className="swiper-slide makeStyles-slideWidth-14 makeStyles-slideWidth-16"
        >
          <div
            className="MuiBox-root MuiBox-root-40 makeStyles-wrap-6"
          >
            <div
              className="MuiAvatar-root makeStyles-root-18 makeStyles-root-41 MuiAvatar-circle"
            >
              <img
                className="MuiAvatar-img"
                src="https://picsum.photos/id/90/300/300"
              />
            </div>
            <span
              className="MuiTypography-root makeStyles-name-7 MuiTypography-caption"
            >
              わたうに
            </span>
          </div>
        </div>
        <div
          className="swiper-slide makeStyles-slideWidth-14 makeStyles-slideWidth-16"
        >
          <div
            className="MuiBox-root MuiBox-root-42 makeStyles-wrap-6"
          >
            <div
              className="MuiAvatar-root makeStyles-root-18 makeStyles-root-43 MuiAvatar-circle"
            >
              <img
                className="MuiAvatar-img"
                src="https://picsum.photos/id/89/300/300"
              />
            </div>
            <span
              className="MuiTypography-root makeStyles-name-7 MuiTypography-caption"
            >
              わたうに
            </span>
          </div>
        </div>
        <div
          className="swiper-slide makeStyles-slideWidth-14 makeStyles-slideWidth-16"
        >
          <div
            className="MuiBox-root MuiBox-root-44 makeStyles-wrap-6"
          >
            <div
              className="MuiAvatar-root makeStyles-root-18 makeStyles-root-45 MuiAvatar-circle"
            >
              <img
                className="MuiAvatar-img"
                src="https://picsum.photos/id/88/300/300"
              />
            </div>
            <span
              className="MuiTypography-root makeStyles-name-7 MuiTypography-caption"
            >
              わたうに
            </span>
          </div>
        </div>
        <div
          className="swiper-slide makeStyles-slideWidth-14 makeStyles-slideWidth-16"
        >
          <div
            className="MuiBox-root MuiBox-root-46 makeStyles-wrap-6"
          >
            <div
              className="MuiAvatar-root makeStyles-root-18 makeStyles-root-47 MuiAvatar-circle"
            >
              <img
                className="MuiAvatar-img"
                src="https://picsum.photos/id/87/300/300"
              />
            </div>
            <span
              className="MuiTypography-root makeStyles-name-7 MuiTypography-caption"
            >
              わたうに
            </span>
          </div>
        </div>
      </div>
      <div
        className="MuiBox-root MuiBox-root-48"
        slot="container-end"
      >
        <a
          className="MuiTypography-root MuiLink-root MuiLink-underlineHover makeStyles-moreLink-12 MuiTypography-colorPrimary"
          href="#"
          onBlur={[Function]}
          onFocus={[Function]}
        >
          <p
            className="MuiTypography-root MuiTypography-body1"
          >
            common:common.see_more
            <span
              aria-hidden={true}
              className="material-icons MuiIcon-root makeStyles-moreIcon-13 fas fa-chevron-right MuiIcon-fontSizeSmall"
            />
          </p>
        </a>
      </div>
    </div>
  </div>,
  <div
    className="slideWrap"
  >
    <div
      className="swiper-container makeStyles-wrap-8"
    >
      <h3
        className="MuiTypography-root makeStyles-containerStart-15 MuiTypography-h3 MuiTypography-gutterBottom"
        slot="container-start"
      >
        おすすめの募集
      </h3>
      <div
        className="swiper-wrapper"
      >
        <div
          className="swiper-slide makeStyles-slideWidth-14 makeStyles-slideWidth-49"
        >
          <div
            className="MuiPaper-root MuiCard-root makeStyles-cardRoot-50 makeStyles-root-51 MuiPaper-elevation1 MuiPaper-rounded"
          >
            <div
              className="makeStyles-cornerWrap-55"
            >
              <div
                className="makeStyles-iconWrap-57"
              >
                <span
                  aria-hidden={true}
                  className="material-icons MuiIcon-root fas fa-users MuiIcon-fontSizeSmall"
                />
              </div>
              <div
                className="makeStyles-triangle-56"
              />
            </div>
            <div
              className="MuiBox-root MuiBox-root-58 makeStyles-mediaWrap-53"
            >
              <div
                className="MuiCardMedia-root makeStyles-media-54"
                style={
                  Object {
                    "backgroundImage": "url(\\"https://picsum.photos/id/412/240/120\\")",
                  }
                }
              />
            </div>
            <div
              className="MuiCardContent-root makeStyles-contentRoot-59"
            >
              <p
                className="MuiTypography-root MuiTypography-body1"
              >
                募集名が入ります。1 募集名が入ります。1募集名が入ります。1募集名が入ります。
              </p>
            </div>
          </div>
        </div>
        <div
          className="swiper-slide makeStyles-slideWidth-14 makeStyles-slideWidth-49"
        >
          <div
            className="MuiPaper-root MuiCard-root makeStyles-cardRoot-50 makeStyles-root-51 MuiPaper-elevation1 MuiPaper-rounded"
          >
            <div
              className="makeStyles-cornerWrap-55"
            >
              <div
                className="makeStyles-iconWrap-57"
              >
                <span
                  aria-hidden={true}
                  className="material-icons MuiIcon-root fas fa-users MuiIcon-fontSizeSmall"
                />
              </div>
              <div
                className="makeStyles-triangle-56"
              />
            </div>
            <div
              className="MuiBox-root MuiBox-root-60 makeStyles-mediaWrap-53"
            >
              <div
                className="MuiCardMedia-root makeStyles-media-54"
                style={
                  Object {
                    "backgroundImage": "url(\\"https://picsum.photos/id/403/240/120\\")",
                  }
                }
              />
            </div>
            <div
              className="MuiCardContent-root makeStyles-contentRoot-59"
            >
              <p
                className="MuiTypography-root MuiTypography-body1"
              >
                募集名が入ります。2募集名が入ります。2募集名が入ります。2募集名が入ります。2
              </p>
            </div>
          </div>
        </div>
        <div
          className="swiper-slide makeStyles-slideWidth-14 makeStyles-slideWidth-49"
        >
          <div
            className="MuiPaper-root MuiCard-root makeStyles-cardRoot-50 makeStyles-root-51 MuiPaper-elevation1 MuiPaper-rounded"
          >
            <div
              className="makeStyles-cornerWrap-55"
            >
              <div
                className="makeStyles-iconWrap-57"
              >
                <span
                  aria-hidden={true}
                  className="material-icons MuiIcon-root fas fa-users MuiIcon-fontSizeSmall"
                />
              </div>
              <div
                className="makeStyles-triangle-56"
              />
            </div>
            <div
              className="MuiBox-root MuiBox-root-61 makeStyles-mediaWrap-53"
            >
              <div
                className="MuiCardMedia-root makeStyles-media-54"
                style={
                  Object {
                    "backgroundImage": "url(\\"https://picsum.photos/id/402/240/120\\")",
                  }
                }
              />
            </div>
            <div
              className="MuiCardContent-root makeStyles-contentRoot-59"
            >
              <p
                className="MuiTypography-root MuiTypography-body1"
              >
                募集名が入ります。2募集名が入ります。2募集名が入ります。2募集名が入ります。2
              </p>
            </div>
          </div>
        </div>
        <div
          className="swiper-slide makeStyles-slideWidth-14 makeStyles-slideWidth-49"
        >
          <div
            className="MuiPaper-root MuiCard-root makeStyles-cardRoot-50 makeStyles-root-51 MuiPaper-elevation1 MuiPaper-rounded"
          >
            <div
              className="makeStyles-cornerWrap-55"
            >
              <div
                className="makeStyles-iconWrap-57"
              >
                <span
                  aria-hidden={true}
                  className="material-icons MuiIcon-root fas fa-users MuiIcon-fontSizeSmall"
                />
              </div>
              <div
                className="makeStyles-triangle-56"
              />
            </div>
            <div
              className="MuiBox-root MuiBox-root-62 makeStyles-mediaWrap-53"
            >
              <div
                className="MuiCardMedia-root makeStyles-media-54"
                style={
                  Object {
                    "backgroundImage": "url(\\"https://picsum.photos/id/401/240/120\\")",
                  }
                }
              />
            </div>
            <div
              className="MuiCardContent-root makeStyles-contentRoot-59"
            >
              <p
                className="MuiTypography-root MuiTypography-body1"
              >
                募集名が入ります。2募集名が入ります。2募集名が入ります。2募集名が入ります。2
              </p>
            </div>
          </div>
        </div>
        <div
          className="swiper-slide makeStyles-slideWidth-14 makeStyles-slideWidth-49"
        >
          <div
            className="MuiPaper-root MuiCard-root makeStyles-cardRoot-50 makeStyles-root-51 MuiPaper-elevation1 MuiPaper-rounded"
          >
            <div
              className="makeStyles-cornerWrap-55"
            >
              <div
                className="makeStyles-iconWrap-57"
              >
                <span
                  aria-hidden={true}
                  className="material-icons MuiIcon-root fas fa-users MuiIcon-fontSizeSmall"
                />
              </div>
              <div
                className="makeStyles-triangle-56"
              />
            </div>
            <div
              className="MuiBox-root MuiBox-root-63 makeStyles-mediaWrap-53"
            >
              <div
                className="MuiCardMedia-root makeStyles-media-54"
                style={
                  Object {
                    "backgroundImage": "url(\\"https://picsum.photos/id/400/240/120\\")",
                  }
                }
              />
            </div>
            <div
              className="MuiCardContent-root makeStyles-contentRoot-59"
            >
              <p
                className="MuiTypography-root MuiTypography-body1"
              >
                募集名が入ります。2募集名が入ります。2募集名が入ります。2募集名が入ります。25
              </p>
            </div>
          </div>
        </div>
        <div
          className="swiper-slide makeStyles-slideWidth-14 makeStyles-slideWidth-49"
        >
          <div
            className="MuiPaper-root MuiCard-root makeStyles-cardRoot-50 makeStyles-root-51 MuiPaper-elevation1 MuiPaper-rounded"
          >
            <div
              className="makeStyles-cornerWrap-55"
            >
              <div
                className="makeStyles-iconWrap-57"
              >
                <span
                  aria-hidden={true}
                  className="material-icons MuiIcon-root fas fa-users MuiIcon-fontSizeSmall"
                />
              </div>
              <div
                className="makeStyles-triangle-56"
              />
            </div>
            <div
              className="MuiBox-root MuiBox-root-64 makeStyles-mediaWrap-53"
            >
              <div
                className="MuiCardMedia-root makeStyles-media-54"
                style={
                  Object {
                    "backgroundImage": "url(\\"https://picsum.photos/id/399/240/120\\")",
                  }
                }
              />
            </div>
            <div
              className="MuiCardContent-root makeStyles-contentRoot-59"
            >
              <p
                className="MuiTypography-root MuiTypography-body1"
              >
                募集名が入ります。2募集名が入ります。2募集名が入ります。2募集名が入ります。26
              </p>
            </div>
          </div>
        </div>
        <div
          className="swiper-slide makeStyles-slideWidth-14 makeStyles-slideWidth-49"
        >
          <div
            className="MuiPaper-root MuiCard-root makeStyles-cardRoot-50 makeStyles-root-51 MuiPaper-elevation1 MuiPaper-rounded"
          >
            <div
              className="makeStyles-cornerWrap-55"
            >
              <div
                className="makeStyles-iconWrap-57"
              >
                <span
                  aria-hidden={true}
                  className="material-icons MuiIcon-root fas fa-users MuiIcon-fontSizeSmall"
                />
              </div>
              <div
                className="makeStyles-triangle-56"
              />
            </div>
            <div
              className="MuiBox-root MuiBox-root-65 makeStyles-mediaWrap-53"
            >
              <div
                className="MuiCardMedia-root makeStyles-media-54"
                style={
                  Object {
                    "backgroundImage": "url(\\"https://picsum.photos/id/398/240/120\\")",
                  }
                }
              />
            </div>
            <div
              className="MuiCardContent-root makeStyles-contentRoot-59"
            >
              <p
                className="MuiTypography-root MuiTypography-body1"
              >
                募集名が入ります。2募集名が入ります。2募集名が入ります。2募集名が入ります。27
              </p>
            </div>
          </div>
        </div>
        <div
          className="swiper-slide makeStyles-slideWidth-14 makeStyles-slideWidth-49"
        >
          <div
            className="MuiPaper-root MuiCard-root makeStyles-cardRoot-50 makeStyles-root-51 MuiPaper-elevation1 MuiPaper-rounded"
          >
            <div
              className="makeStyles-cornerWrap-55"
            >
              <div
                className="makeStyles-iconWrap-57"
              >
                <span
                  aria-hidden={true}
                  className="material-icons MuiIcon-root fas fa-users MuiIcon-fontSizeSmall"
                />
              </div>
              <div
                className="makeStyles-triangle-56"
              />
            </div>
            <div
              className="MuiBox-root MuiBox-root-66 makeStyles-mediaWrap-53"
            >
              <div
                className="MuiCardMedia-root makeStyles-media-54"
                style={
                  Object {
                    "backgroundImage": "url(\\"https://picsum.photos/id/397/240/120\\")",
                  }
                }
              />
            </div>
            <div
              className="MuiCardContent-root makeStyles-contentRoot-59"
            >
              <p
                className="MuiTypography-root MuiTypography-body1"
              >
                募集名が入ります。2募集名が入ります。2募集名が入ります。2募集名が入ります。28
              </p>
            </div>
          </div>
        </div>
      </div>
      <div
        className="makeStyles-sliderButtonPrev-10"
      >
        <span
          aria-hidden={true}
          className="material-icons MuiIcon-root makeStyles-fas-11 fas fa-chevron-left MuiIcon-fontSizeSmall"
        />
      </div>
      <div
        className="makeStyles-sliderButtonNext-9"
      >
        <span
          aria-hidden={true}
          className="material-icons MuiIcon-root makeStyles-fas-11 fas fa-chevron-right MuiIcon-fontSizeSmall"
        />
      </div>
      <div
        className="MuiBox-root MuiBox-root-67"
        slot="container-end"
      >
        <a
          className="MuiTypography-root MuiLink-root MuiLink-underlineHover makeStyles-moreLink-12 MuiTypography-colorPrimary"
          href="#"
          onBlur={[Function]}
          onFocus={[Function]}
        >
          <p
            className="MuiTypography-root MuiTypography-body1"
          >
            common:common.see_more
            <span
              aria-hidden={true}
              className="material-icons MuiIcon-root makeStyles-moreIcon-13 fas fa-chevron-right MuiIcon-fontSizeSmall"
            />
          </p>
        </a>
      </div>
    </div>
  </div>,
  <div
    className="slideWrap"
  >
    <div
      className="swiper-container makeStyles-wrap-8"
    >
      <h3
        className="MuiTypography-root makeStyles-containerStart-15 MuiTypography-h3 MuiTypography-gutterBottom"
        slot="container-start"
      >
        おすすめイベント
      </h3>
      <div
        className="swiper-wrapper"
      >
        <div
          className="swiper-slide makeStyles-slideWidth-14 makeStyles-slideWidth-68"
        >
          <div
            className="MuiPaper-root MuiCard-root makeStyles-cardRoot-50 makeStyles-root-51 MuiPaper-elevation1 MuiPaper-rounded"
          >
            <div
              className="makeStyles-cornerWrap-55"
            >
              <div
                className="makeStyles-iconWrap-57"
              >
                <span
                  aria-hidden={true}
                  className="material-icons MuiIcon-root fas fa-users MuiIcon-fontSizeSmall"
                />
              </div>
              <div
                className="makeStyles-triangle-56"
              />
            </div>
            <div
              className="MuiBox-root MuiBox-root-69 makeStyles-mediaWrap-53"
            >
              <div
                className="MuiCardMedia-root makeStyles-media-54"
                style={
                  Object {
                    "backgroundImage": "url(\\"https://picsum.photos/id/412/240/120\\")",
                  }
                }
              />
            </div>
            <div
              className="MuiCardContent-root makeStyles-contentRoot-59"
            >
              <p
                className="MuiTypography-root MuiTypography-body1"
              >
                募集名が入ります。1 募集名が入ります。1募集名が入ります。1募集名が入ります。
              </p>
            </div>
          </div>
        </div>
        <div
          className="swiper-slide makeStyles-slideWidth-14 makeStyles-slideWidth-68"
        >
          <div
            className="MuiPaper-root MuiCard-root makeStyles-cardRoot-50 makeStyles-root-51 MuiPaper-elevation1 MuiPaper-rounded"
          >
            <div
              className="makeStyles-cornerWrap-55"
            >
              <div
                className="makeStyles-iconWrap-57"
              >
                <span
                  aria-hidden={true}
                  className="material-icons MuiIcon-root fas fa-users MuiIcon-fontSizeSmall"
                />
              </div>
              <div
                className="makeStyles-triangle-56"
              />
            </div>
            <div
              className="MuiBox-root MuiBox-root-70 makeStyles-mediaWrap-53"
            >
              <div
                className="MuiCardMedia-root makeStyles-media-54"
                style={
                  Object {
                    "backgroundImage": "url(\\"https://picsum.photos/id/403/240/120\\")",
                  }
                }
              />
            </div>
            <div
              className="MuiCardContent-root makeStyles-contentRoot-59"
            >
              <p
                className="MuiTypography-root MuiTypography-body1"
              >
                募集名が入ります。2募集名が入ります。2募集名が入ります。2募集名が入ります。2
              </p>
            </div>
          </div>
        </div>
        <div
          className="swiper-slide makeStyles-slideWidth-14 makeStyles-slideWidth-68"
        >
          <div
            className="MuiPaper-root MuiCard-root makeStyles-cardRoot-50 makeStyles-root-51 MuiPaper-elevation1 MuiPaper-rounded"
          >
            <div
              className="makeStyles-cornerWrap-55"
            >
              <div
                className="makeStyles-iconWrap-57"
              >
                <span
                  aria-hidden={true}
                  className="material-icons MuiIcon-root fas fa-users MuiIcon-fontSizeSmall"
                />
              </div>
              <div
                className="makeStyles-triangle-56"
              />
            </div>
            <div
              className="MuiBox-root MuiBox-root-71 makeStyles-mediaWrap-53"
            >
              <div
                className="MuiCardMedia-root makeStyles-media-54"
                style={
                  Object {
                    "backgroundImage": "url(\\"https://picsum.photos/id/402/240/120\\")",
                  }
                }
              />
            </div>
            <div
              className="MuiCardContent-root makeStyles-contentRoot-59"
            >
              <p
                className="MuiTypography-root MuiTypography-body1"
              >
                募集名が入ります。2募集名が入ります。2募集名が入ります。2募集名が入ります。2
              </p>
            </div>
          </div>
        </div>
        <div
          className="swiper-slide makeStyles-slideWidth-14 makeStyles-slideWidth-68"
        >
          <div
            className="MuiPaper-root MuiCard-root makeStyles-cardRoot-50 makeStyles-root-51 MuiPaper-elevation1 MuiPaper-rounded"
          >
            <div
              className="makeStyles-cornerWrap-55"
            >
              <div
                className="makeStyles-iconWrap-57"
              >
                <span
                  aria-hidden={true}
                  className="material-icons MuiIcon-root fas fa-users MuiIcon-fontSizeSmall"
                />
              </div>
              <div
                className="makeStyles-triangle-56"
              />
            </div>
            <div
              className="MuiBox-root MuiBox-root-72 makeStyles-mediaWrap-53"
            >
              <div
                className="MuiCardMedia-root makeStyles-media-54"
                style={
                  Object {
                    "backgroundImage": "url(\\"https://picsum.photos/id/401/240/120\\")",
                  }
                }
              />
            </div>
            <div
              className="MuiCardContent-root makeStyles-contentRoot-59"
            >
              <p
                className="MuiTypography-root MuiTypography-body1"
              >
                募集名が入ります。2募集名が入ります。2募集名が入ります。2募集名が入ります。2
              </p>
            </div>
          </div>
        </div>
        <div
          className="swiper-slide makeStyles-slideWidth-14 makeStyles-slideWidth-68"
        >
          <div
            className="MuiPaper-root MuiCard-root makeStyles-cardRoot-50 makeStyles-root-51 MuiPaper-elevation1 MuiPaper-rounded"
          >
            <div
              className="makeStyles-cornerWrap-55"
            >
              <div
                className="makeStyles-iconWrap-57"
              >
                <span
                  aria-hidden={true}
                  className="material-icons MuiIcon-root fas fa-users MuiIcon-fontSizeSmall"
                />
              </div>
              <div
                className="makeStyles-triangle-56"
              />
            </div>
            <div
              className="MuiBox-root MuiBox-root-73 makeStyles-mediaWrap-53"
            >
              <div
                className="MuiCardMedia-root makeStyles-media-54"
                style={
                  Object {
                    "backgroundImage": "url(\\"https://picsum.photos/id/400/240/120\\")",
                  }
                }
              />
            </div>
            <div
              className="MuiCardContent-root makeStyles-contentRoot-59"
            >
              <p
                className="MuiTypography-root MuiTypography-body1"
              >
                募集名が入ります。2募集名が入ります。2募集名が入ります。2募集名が入ります。25
              </p>
            </div>
          </div>
        </div>
        <div
          className="swiper-slide makeStyles-slideWidth-14 makeStyles-slideWidth-68"
        >
          <div
            className="MuiPaper-root MuiCard-root makeStyles-cardRoot-50 makeStyles-root-51 MuiPaper-elevation1 MuiPaper-rounded"
          >
            <div
              className="makeStyles-cornerWrap-55"
            >
              <div
                className="makeStyles-iconWrap-57"
              >
                <span
                  aria-hidden={true}
                  className="material-icons MuiIcon-root fas fa-users MuiIcon-fontSizeSmall"
                />
              </div>
              <div
                className="makeStyles-triangle-56"
              />
            </div>
            <div
              className="MuiBox-root MuiBox-root-74 makeStyles-mediaWrap-53"
            >
              <div
                className="MuiCardMedia-root makeStyles-media-54"
                style={
                  Object {
                    "backgroundImage": "url(\\"https://picsum.photos/id/399/240/120\\")",
                  }
                }
              />
            </div>
            <div
              className="MuiCardContent-root makeStyles-contentRoot-59"
            >
              <p
                className="MuiTypography-root MuiTypography-body1"
              >
                募集名が入ります。2募集名が入ります。2募集名が入ります。2募集名が入ります。26
              </p>
            </div>
          </div>
        </div>
        <div
          className="swiper-slide makeStyles-slideWidth-14 makeStyles-slideWidth-68"
        >
          <div
            className="MuiPaper-root MuiCard-root makeStyles-cardRoot-50 makeStyles-root-51 MuiPaper-elevation1 MuiPaper-rounded"
          >
            <div
              className="makeStyles-cornerWrap-55"
            >
              <div
                className="makeStyles-iconWrap-57"
              >
                <span
                  aria-hidden={true}
                  className="material-icons MuiIcon-root fas fa-users MuiIcon-fontSizeSmall"
                />
              </div>
              <div
                className="makeStyles-triangle-56"
              />
            </div>
            <div
              className="MuiBox-root MuiBox-root-75 makeStyles-mediaWrap-53"
            >
              <div
                className="MuiCardMedia-root makeStyles-media-54"
                style={
                  Object {
                    "backgroundImage": "url(\\"https://picsum.photos/id/398/240/120\\")",
                  }
                }
              />
            </div>
            <div
              className="MuiCardContent-root makeStyles-contentRoot-59"
            >
              <p
                className="MuiTypography-root MuiTypography-body1"
              >
                募集名が入ります。2募集名が入ります。2募集名が入ります。2募集名が入ります。27
              </p>
            </div>
          </div>
        </div>
        <div
          className="swiper-slide makeStyles-slideWidth-14 makeStyles-slideWidth-68"
        >
          <div
            className="MuiPaper-root MuiCard-root makeStyles-cardRoot-50 makeStyles-root-51 MuiPaper-elevation1 MuiPaper-rounded"
          >
            <div
              className="makeStyles-cornerWrap-55"
            >
              <div
                className="makeStyles-iconWrap-57"
              >
                <span
                  aria-hidden={true}
                  className="material-icons MuiIcon-root fas fa-users MuiIcon-fontSizeSmall"
                />
              </div>
              <div
                className="makeStyles-triangle-56"
              />
            </div>
            <div
              className="MuiBox-root MuiBox-root-76 makeStyles-mediaWrap-53"
            >
              <div
                className="MuiCardMedia-root makeStyles-media-54"
                style={
                  Object {
                    "backgroundImage": "url(\\"https://picsum.photos/id/397/240/120\\")",
                  }
                }
              />
            </div>
            <div
              className="MuiCardContent-root makeStyles-contentRoot-59"
            >
              <p
                className="MuiTypography-root MuiTypography-body1"
              >
                募集名が入ります。2募集名が入ります。2募集名が入ります。2募集名が入ります。28
              </p>
            </div>
          </div>
        </div>
      </div>
      <div
        className="makeStyles-sliderButtonPrev-10"
      >
        <span
          aria-hidden={true}
          className="material-icons MuiIcon-root makeStyles-fas-11 fas fa-chevron-left MuiIcon-fontSizeSmall"
        />
      </div>
      <div
        className="makeStyles-sliderButtonNext-9"
      >
        <span
          aria-hidden={true}
          className="material-icons MuiIcon-root makeStyles-fas-11 fas fa-chevron-right MuiIcon-fontSizeSmall"
        />
      </div>
      <div
        className="MuiBox-root MuiBox-root-77"
        slot="container-end"
      >
        <a
          className="MuiTypography-root MuiLink-root MuiLink-underlineHover makeStyles-moreLink-12 MuiTypography-colorPrimary"
          href="#"
          onBlur={[Function]}
          onFocus={[Function]}
        >
          <p
            className="MuiTypography-root MuiTypography-body1"
          >
            common:common.see_more
            <span
              aria-hidden={true}
              className="material-icons MuiIcon-root makeStyles-moreIcon-13 fas fa-chevron-right MuiIcon-fontSizeSmall"
            />
          </p>
        </a>
      </div>
    </div>
  </div>,
  <div
    className="slideWrap"
  >
    <div
      className="swiper-container makeStyles-wrap-8"
    >
      <h3
        className="MuiTypography-root makeStyles-containerStart-15 MuiTypography-h3 MuiTypography-gutterBottom"
        slot="container-start"
      >
        フォローしている人の募集
      </h3>
      <div
        className="swiper-wrapper"
      >
        <div
          className="swiper-slide makeStyles-slideWidth-14 makeStyles-slideWidth-78"
        >
          <div
            className="MuiPaper-root MuiCard-root makeStyles-cardRoot-50 makeStyles-root-51 MuiPaper-elevation1 MuiPaper-rounded"
          >
            <div
              className="makeStyles-cornerWrap-55"
            >
              <div
                className="makeStyles-iconWrap-57"
              >
                <span
                  aria-hidden={true}
                  className="material-icons MuiIcon-root fas fa-users MuiIcon-fontSizeSmall"
                />
              </div>
              <div
                className="makeStyles-triangle-56"
              />
            </div>
            <div
              className="MuiBox-root MuiBox-root-79 makeStyles-mediaWrap-53"
            >
              <div
                className="MuiCardMedia-root makeStyles-media-54"
                style={
                  Object {
                    "backgroundImage": "url(\\"https://picsum.photos/id/412/240/120\\")",
                  }
                }
              />
            </div>
            <div
              className="MuiCardContent-root makeStyles-contentRoot-59"
            >
              <p
                className="MuiTypography-root MuiTypography-body1"
              >
                募集名が入ります。1 募集名が入ります。1募集名が入ります。1募集名が入ります。
              </p>
            </div>
          </div>
        </div>
        <div
          className="swiper-slide makeStyles-slideWidth-14 makeStyles-slideWidth-78"
        >
          <div
            className="MuiPaper-root MuiCard-root makeStyles-cardRoot-50 makeStyles-root-51 MuiPaper-elevation1 MuiPaper-rounded"
          >
            <div
              className="makeStyles-cornerWrap-55"
            >
              <div
                className="makeStyles-iconWrap-57"
              >
                <span
                  aria-hidden={true}
                  className="material-icons MuiIcon-root fas fa-users MuiIcon-fontSizeSmall"
                />
              </div>
              <div
                className="makeStyles-triangle-56"
              />
            </div>
            <div
              className="MuiBox-root MuiBox-root-80 makeStyles-mediaWrap-53"
            >
              <div
                className="MuiCardMedia-root makeStyles-media-54"
                style={
                  Object {
                    "backgroundImage": "url(\\"https://picsum.photos/id/403/240/120\\")",
                  }
                }
              />
            </div>
            <div
              className="MuiCardContent-root makeStyles-contentRoot-59"
            >
              <p
                className="MuiTypography-root MuiTypography-body1"
              >
                募集名が入ります。2募集名が入ります。2募集名が入ります。2募集名が入ります。2
              </p>
            </div>
          </div>
        </div>
        <div
          className="swiper-slide makeStyles-slideWidth-14 makeStyles-slideWidth-78"
        >
          <div
            className="MuiPaper-root MuiCard-root makeStyles-cardRoot-50 makeStyles-root-51 MuiPaper-elevation1 MuiPaper-rounded"
          >
            <div
              className="makeStyles-cornerWrap-55"
            >
              <div
                className="makeStyles-iconWrap-57"
              >
                <span
                  aria-hidden={true}
                  className="material-icons MuiIcon-root fas fa-users MuiIcon-fontSizeSmall"
                />
              </div>
              <div
                className="makeStyles-triangle-56"
              />
            </div>
            <div
              className="MuiBox-root MuiBox-root-81 makeStyles-mediaWrap-53"
            >
              <div
                className="MuiCardMedia-root makeStyles-media-54"
                style={
                  Object {
                    "backgroundImage": "url(\\"https://picsum.photos/id/402/240/120\\")",
                  }
                }
              />
            </div>
            <div
              className="MuiCardContent-root makeStyles-contentRoot-59"
            >
              <p
                className="MuiTypography-root MuiTypography-body1"
              >
                募集名が入ります。2募集名が入ります。2募集名が入ります。2募集名が入ります。2
              </p>
            </div>
          </div>
        </div>
        <div
          className="swiper-slide makeStyles-slideWidth-14 makeStyles-slideWidth-78"
        >
          <div
            className="MuiPaper-root MuiCard-root makeStyles-cardRoot-50 makeStyles-root-51 MuiPaper-elevation1 MuiPaper-rounded"
          >
            <div
              className="makeStyles-cornerWrap-55"
            >
              <div
                className="makeStyles-iconWrap-57"
              >
                <span
                  aria-hidden={true}
                  className="material-icons MuiIcon-root fas fa-users MuiIcon-fontSizeSmall"
                />
              </div>
              <div
                className="makeStyles-triangle-56"
              />
            </div>
            <div
              className="MuiBox-root MuiBox-root-82 makeStyles-mediaWrap-53"
            >
              <div
                className="MuiCardMedia-root makeStyles-media-54"
                style={
                  Object {
                    "backgroundImage": "url(\\"https://picsum.photos/id/401/240/120\\")",
                  }
                }
              />
            </div>
            <div
              className="MuiCardContent-root makeStyles-contentRoot-59"
            >
              <p
                className="MuiTypography-root MuiTypography-body1"
              >
                募集名が入ります。2募集名が入ります。2募集名が入ります。2募集名が入ります。2
              </p>
            </div>
          </div>
        </div>
        <div
          className="swiper-slide makeStyles-slideWidth-14 makeStyles-slideWidth-78"
        >
          <div
            className="MuiPaper-root MuiCard-root makeStyles-cardRoot-50 makeStyles-root-51 MuiPaper-elevation1 MuiPaper-rounded"
          >
            <div
              className="makeStyles-cornerWrap-55"
            >
              <div
                className="makeStyles-iconWrap-57"
              >
                <span
                  aria-hidden={true}
                  className="material-icons MuiIcon-root fas fa-users MuiIcon-fontSizeSmall"
                />
              </div>
              <div
                className="makeStyles-triangle-56"
              />
            </div>
            <div
              className="MuiBox-root MuiBox-root-83 makeStyles-mediaWrap-53"
            >
              <div
                className="MuiCardMedia-root makeStyles-media-54"
                style={
                  Object {
                    "backgroundImage": "url(\\"https://picsum.photos/id/400/240/120\\")",
                  }
                }
              />
            </div>
            <div
              className="MuiCardContent-root makeStyles-contentRoot-59"
            >
              <p
                className="MuiTypography-root MuiTypography-body1"
              >
                募集名が入ります。2募集名が入ります。2募集名が入ります。2募集名が入ります。25
              </p>
            </div>
          </div>
        </div>
        <div
          className="swiper-slide makeStyles-slideWidth-14 makeStyles-slideWidth-78"
        >
          <div
            className="MuiPaper-root MuiCard-root makeStyles-cardRoot-50 makeStyles-root-51 MuiPaper-elevation1 MuiPaper-rounded"
          >
            <div
              className="makeStyles-cornerWrap-55"
            >
              <div
                className="makeStyles-iconWrap-57"
              >
                <span
                  aria-hidden={true}
                  className="material-icons MuiIcon-root fas fa-users MuiIcon-fontSizeSmall"
                />
              </div>
              <div
                className="makeStyles-triangle-56"
              />
            </div>
            <div
              className="MuiBox-root MuiBox-root-84 makeStyles-mediaWrap-53"
            >
              <div
                className="MuiCardMedia-root makeStyles-media-54"
                style={
                  Object {
                    "backgroundImage": "url(\\"https://picsum.photos/id/399/240/120\\")",
                  }
                }
              />
            </div>
            <div
              className="MuiCardContent-root makeStyles-contentRoot-59"
            >
              <p
                className="MuiTypography-root MuiTypography-body1"
              >
                募集名が入ります。2募集名が入ります。2募集名が入ります。2募集名が入ります。26
              </p>
            </div>
          </div>
        </div>
        <div
          className="swiper-slide makeStyles-slideWidth-14 makeStyles-slideWidth-78"
        >
          <div
            className="MuiPaper-root MuiCard-root makeStyles-cardRoot-50 makeStyles-root-51 MuiPaper-elevation1 MuiPaper-rounded"
          >
            <div
              className="makeStyles-cornerWrap-55"
            >
              <div
                className="makeStyles-iconWrap-57"
              >
                <span
                  aria-hidden={true}
                  className="material-icons MuiIcon-root fas fa-users MuiIcon-fontSizeSmall"
                />
              </div>
              <div
                className="makeStyles-triangle-56"
              />
            </div>
            <div
              className="MuiBox-root MuiBox-root-85 makeStyles-mediaWrap-53"
            >
              <div
                className="MuiCardMedia-root makeStyles-media-54"
                style={
                  Object {
                    "backgroundImage": "url(\\"https://picsum.photos/id/398/240/120\\")",
                  }
                }
              />
            </div>
            <div
              className="MuiCardContent-root makeStyles-contentRoot-59"
            >
              <p
                className="MuiTypography-root MuiTypography-body1"
              >
                募集名が入ります。2募集名が入ります。2募集名が入ります。2募集名が入ります。27
              </p>
            </div>
          </div>
        </div>
        <div
          className="swiper-slide makeStyles-slideWidth-14 makeStyles-slideWidth-78"
        >
          <div
            className="MuiPaper-root MuiCard-root makeStyles-cardRoot-50 makeStyles-root-51 MuiPaper-elevation1 MuiPaper-rounded"
          >
            <div
              className="makeStyles-cornerWrap-55"
            >
              <div
                className="makeStyles-iconWrap-57"
              >
                <span
                  aria-hidden={true}
                  className="material-icons MuiIcon-root fas fa-users MuiIcon-fontSizeSmall"
                />
              </div>
              <div
                className="makeStyles-triangle-56"
              />
            </div>
            <div
              className="MuiBox-root MuiBox-root-86 makeStyles-mediaWrap-53"
            >
              <div
                className="MuiCardMedia-root makeStyles-media-54"
                style={
                  Object {
                    "backgroundImage": "url(\\"https://picsum.photos/id/397/240/120\\")",
                  }
                }
              />
            </div>
            <div
              className="MuiCardContent-root makeStyles-contentRoot-59"
            >
              <p
                className="MuiTypography-root MuiTypography-body1"
              >
                募集名が入ります。2募集名が入ります。2募集名が入ります。2募集名が入ります。28
              </p>
            </div>
          </div>
        </div>
      </div>
      <div
        className="makeStyles-sliderButtonPrev-10"
      >
        <span
          aria-hidden={true}
          className="material-icons MuiIcon-root makeStyles-fas-11 fas fa-chevron-left MuiIcon-fontSizeSmall"
        />
      </div>
      <div
        className="makeStyles-sliderButtonNext-9"
      >
        <span
          aria-hidden={true}
          className="material-icons MuiIcon-root makeStyles-fas-11 fas fa-chevron-right MuiIcon-fontSizeSmall"
        />
      </div>
      <div
        className="MuiBox-root MuiBox-root-87"
        slot="container-end"
      >
        <a
          className="MuiTypography-root MuiLink-root MuiLink-underlineHover makeStyles-moreLink-12 MuiTypography-colorPrimary"
          href="#"
          onBlur={[Function]}
          onFocus={[Function]}
        >
          <p
            className="MuiTypography-root MuiTypography-body1"
          >
            common:common.see_more
            <span
              aria-hidden={true}
              className="material-icons MuiIcon-root makeStyles-moreIcon-13 fas fa-chevron-right MuiIcon-fontSizeSmall"
            />
          </p>
        </a>
      </div>
    </div>
  </div>,
  <div
    className="slideWrap"
  >
    <div
      className="swiper-container makeStyles-wrap-8"
    >
      <h3
        className="MuiTypography-root makeStyles-containerStart-15 MuiTypography-h3 MuiTypography-gutterBottom"
        slot="container-start"
      >
        フォローしている人がエントリーしている大会
      </h3>
      <div
        className="swiper-wrapper"
      >
        <div
          className="swiper-slide makeStyles-slideWidth-14 makeStyles-slideWidth-88"
        >
          <div
            className="MuiPaper-root MuiCard-root makeStyles-cardRoot-50 makeStyles-root-51 MuiPaper-elevation1 MuiPaper-rounded"
          >
            <div
              className="makeStyles-cornerWrap-55"
            >
              <div
                className="makeStyles-iconWrap-57"
              >
                <span
                  aria-hidden={true}
                  className="material-icons MuiIcon-root fas fa-users MuiIcon-fontSizeSmall"
                />
              </div>
              <div
                className="makeStyles-triangle-56"
              />
            </div>
            <div
              className="MuiBox-root MuiBox-root-89 makeStyles-mediaWrap-53"
            >
              <div
                className="MuiCardMedia-root makeStyles-media-54"
                style={
                  Object {
                    "backgroundImage": "url(\\"https://picsum.photos/id/412/240/120\\")",
                  }
                }
              />
            </div>
            <div
              className="MuiCardContent-root makeStyles-contentRoot-59"
            >
              <p
                className="MuiTypography-root MuiTypography-body1"
              >
                募集名が入ります。1 募集名が入ります。1募集名が入ります。1募集名が入ります。
              </p>
            </div>
          </div>
        </div>
        <div
          className="swiper-slide makeStyles-slideWidth-14 makeStyles-slideWidth-88"
        >
          <div
            className="MuiPaper-root MuiCard-root makeStyles-cardRoot-50 makeStyles-root-51 MuiPaper-elevation1 MuiPaper-rounded"
          >
            <div
              className="makeStyles-cornerWrap-55"
            >
              <div
                className="makeStyles-iconWrap-57"
              >
                <span
                  aria-hidden={true}
                  className="material-icons MuiIcon-root fas fa-users MuiIcon-fontSizeSmall"
                />
              </div>
              <div
                className="makeStyles-triangle-56"
              />
            </div>
            <div
              className="MuiBox-root MuiBox-root-90 makeStyles-mediaWrap-53"
            >
              <div
                className="MuiCardMedia-root makeStyles-media-54"
                style={
                  Object {
                    "backgroundImage": "url(\\"https://picsum.photos/id/403/240/120\\")",
                  }
                }
              />
            </div>
            <div
              className="MuiCardContent-root makeStyles-contentRoot-59"
            >
              <p
                className="MuiTypography-root MuiTypography-body1"
              >
                募集名が入ります。2募集名が入ります。2募集名が入ります。2募集名が入ります。2
              </p>
            </div>
          </div>
        </div>
        <div
          className="swiper-slide makeStyles-slideWidth-14 makeStyles-slideWidth-88"
        >
          <div
            className="MuiPaper-root MuiCard-root makeStyles-cardRoot-50 makeStyles-root-51 MuiPaper-elevation1 MuiPaper-rounded"
          >
            <div
              className="makeStyles-cornerWrap-55"
            >
              <div
                className="makeStyles-iconWrap-57"
              >
                <span
                  aria-hidden={true}
                  className="material-icons MuiIcon-root fas fa-users MuiIcon-fontSizeSmall"
                />
              </div>
              <div
                className="makeStyles-triangle-56"
              />
            </div>
            <div
              className="MuiBox-root MuiBox-root-91 makeStyles-mediaWrap-53"
            >
              <div
                className="MuiCardMedia-root makeStyles-media-54"
                style={
                  Object {
                    "backgroundImage": "url(\\"https://picsum.photos/id/402/240/120\\")",
                  }
                }
              />
            </div>
            <div
              className="MuiCardContent-root makeStyles-contentRoot-59"
            >
              <p
                className="MuiTypography-root MuiTypography-body1"
              >
                募集名が入ります。2募集名が入ります。2募集名が入ります。2募集名が入ります。2
              </p>
            </div>
          </div>
        </div>
        <div
          className="swiper-slide makeStyles-slideWidth-14 makeStyles-slideWidth-88"
        >
          <div
            className="MuiPaper-root MuiCard-root makeStyles-cardRoot-50 makeStyles-root-51 MuiPaper-elevation1 MuiPaper-rounded"
          >
            <div
              className="makeStyles-cornerWrap-55"
            >
              <div
                className="makeStyles-iconWrap-57"
              >
                <span
                  aria-hidden={true}
                  className="material-icons MuiIcon-root fas fa-users MuiIcon-fontSizeSmall"
                />
              </div>
              <div
                className="makeStyles-triangle-56"
              />
            </div>
            <div
              className="MuiBox-root MuiBox-root-92 makeStyles-mediaWrap-53"
            >
              <div
                className="MuiCardMedia-root makeStyles-media-54"
                style={
                  Object {
                    "backgroundImage": "url(\\"https://picsum.photos/id/401/240/120\\")",
                  }
                }
              />
            </div>
            <div
              className="MuiCardContent-root makeStyles-contentRoot-59"
            >
              <p
                className="MuiTypography-root MuiTypography-body1"
              >
                募集名が入ります。2募集名が入ります。2募集名が入ります。2募集名が入ります。2
              </p>
            </div>
          </div>
        </div>
        <div
          className="swiper-slide makeStyles-slideWidth-14 makeStyles-slideWidth-88"
        >
          <div
            className="MuiPaper-root MuiCard-root makeStyles-cardRoot-50 makeStyles-root-51 MuiPaper-elevation1 MuiPaper-rounded"
          >
            <div
              className="makeStyles-cornerWrap-55"
            >
              <div
                className="makeStyles-iconWrap-57"
              >
                <span
                  aria-hidden={true}
                  className="material-icons MuiIcon-root fas fa-users MuiIcon-fontSizeSmall"
                />
              </div>
              <div
                className="makeStyles-triangle-56"
              />
            </div>
            <div
              className="MuiBox-root MuiBox-root-93 makeStyles-mediaWrap-53"
            >
              <div
                className="MuiCardMedia-root makeStyles-media-54"
                style={
                  Object {
                    "backgroundImage": "url(\\"https://picsum.photos/id/400/240/120\\")",
                  }
                }
              />
            </div>
            <div
              className="MuiCardContent-root makeStyles-contentRoot-59"
            >
              <p
                className="MuiTypography-root MuiTypography-body1"
              >
                募集名が入ります。2募集名が入ります。2募集名が入ります。2募集名が入ります。25
              </p>
            </div>
          </div>
        </div>
        <div
          className="swiper-slide makeStyles-slideWidth-14 makeStyles-slideWidth-88"
        >
          <div
            className="MuiPaper-root MuiCard-root makeStyles-cardRoot-50 makeStyles-root-51 MuiPaper-elevation1 MuiPaper-rounded"
          >
            <div
              className="makeStyles-cornerWrap-55"
            >
              <div
                className="makeStyles-iconWrap-57"
              >
                <span
                  aria-hidden={true}
                  className="material-icons MuiIcon-root fas fa-users MuiIcon-fontSizeSmall"
                />
              </div>
              <div
                className="makeStyles-triangle-56"
              />
            </div>
            <div
              className="MuiBox-root MuiBox-root-94 makeStyles-mediaWrap-53"
            >
              <div
                className="MuiCardMedia-root makeStyles-media-54"
                style={
                  Object {
                    "backgroundImage": "url(\\"https://picsum.photos/id/399/240/120\\")",
                  }
                }
              />
            </div>
            <div
              className="MuiCardContent-root makeStyles-contentRoot-59"
            >
              <p
                className="MuiTypography-root MuiTypography-body1"
              >
                募集名が入ります。2募集名が入ります。2募集名が入ります。2募集名が入ります。26
              </p>
            </div>
          </div>
        </div>
        <div
          className="swiper-slide makeStyles-slideWidth-14 makeStyles-slideWidth-88"
        >
          <div
            className="MuiPaper-root MuiCard-root makeStyles-cardRoot-50 makeStyles-root-51 MuiPaper-elevation1 MuiPaper-rounded"
          >
            <div
              className="makeStyles-cornerWrap-55"
            >
              <div
                className="makeStyles-iconWrap-57"
              >
                <span
                  aria-hidden={true}
                  className="material-icons MuiIcon-root fas fa-users MuiIcon-fontSizeSmall"
                />
              </div>
              <div
                className="makeStyles-triangle-56"
              />
            </div>
            <div
              className="MuiBox-root MuiBox-root-95 makeStyles-mediaWrap-53"
            >
              <div
                className="MuiCardMedia-root makeStyles-media-54"
                style={
                  Object {
                    "backgroundImage": "url(\\"https://picsum.photos/id/398/240/120\\")",
                  }
                }
              />
            </div>
            <div
              className="MuiCardContent-root makeStyles-contentRoot-59"
            >
              <p
                className="MuiTypography-root MuiTypography-body1"
              >
                募集名が入ります。2募集名が入ります。2募集名が入ります。2募集名が入ります。27
              </p>
            </div>
          </div>
        </div>
        <div
          className="swiper-slide makeStyles-slideWidth-14 makeStyles-slideWidth-88"
        >
          <div
            className="MuiPaper-root MuiCard-root makeStyles-cardRoot-50 makeStyles-root-51 MuiPaper-elevation1 MuiPaper-rounded"
          >
            <div
              className="makeStyles-cornerWrap-55"
            >
              <div
                className="makeStyles-iconWrap-57"
              >
                <span
                  aria-hidden={true}
                  className="material-icons MuiIcon-root fas fa-users MuiIcon-fontSizeSmall"
                />
              </div>
              <div
                className="makeStyles-triangle-56"
              />
            </div>
            <div
              className="MuiBox-root MuiBox-root-96 makeStyles-mediaWrap-53"
            >
              <div
                className="MuiCardMedia-root makeStyles-media-54"
                style={
                  Object {
                    "backgroundImage": "url(\\"https://picsum.photos/id/397/240/120\\")",
                  }
                }
              />
            </div>
            <div
              className="MuiCardContent-root makeStyles-contentRoot-59"
            >
              <p
                className="MuiTypography-root MuiTypography-body1"
              >
                募集名が入ります。2募集名が入ります。2募集名が入ります。2募集名が入ります。28
              </p>
            </div>
          </div>
        </div>
      </div>
      <div
        className="makeStyles-sliderButtonPrev-10"
      >
        <span
          aria-hidden={true}
          className="material-icons MuiIcon-root makeStyles-fas-11 fas fa-chevron-left MuiIcon-fontSizeSmall"
        />
      </div>
      <div
        className="makeStyles-sliderButtonNext-9"
      >
        <span
          aria-hidden={true}
          className="material-icons MuiIcon-root makeStyles-fas-11 fas fa-chevron-right MuiIcon-fontSizeSmall"
        />
      </div>
      <div
        className="MuiBox-root MuiBox-root-97"
        slot="container-end"
      >
        <a
          className="MuiTypography-root MuiLink-root MuiLink-underlineHover makeStyles-moreLink-12 MuiTypography-colorPrimary"
          href="#"
          onBlur={[Function]}
          onFocus={[Function]}
        >
          <p
            className="MuiTypography-root MuiTypography-body1"
          >
            common:common.see_more
            <span
              aria-hidden={true}
              className="material-icons MuiIcon-root makeStyles-moreIcon-13 fas fa-chevron-right MuiIcon-fontSizeSmall"
            />
          </p>
        </a>
      </div>
    </div>
  </div>,
  <div
    className="slideWrap"
  >
    <div
      className="swiper-container makeStyles-wrap-8"
    >
      <h3
        className="MuiTypography-root makeStyles-containerStart-15 MuiTypography-h3 MuiTypography-gutterBottom"
        slot="container-start"
      >
        フォローしている人がエントリーしていた大会結果
      </h3>
      <div
        className="swiper-wrapper"
      >
        <div
          className="swiper-slide makeStyles-slideWidth-14 makeStyles-slideWidth-98"
        >
          <div
            className="MuiPaper-root MuiCard-root makeStyles-cardRoot-50 makeStyles-root-51 MuiPaper-elevation1 MuiPaper-rounded"
          >
            <div
              className="makeStyles-cornerWrap-55"
            >
              <div
                className="makeStyles-iconWrap-57"
              >
                <span
                  aria-hidden={true}
                  className="material-icons MuiIcon-root fas fa-users MuiIcon-fontSizeSmall"
                />
              </div>
              <div
                className="makeStyles-triangle-56"
              />
            </div>
            <div
              className="MuiBox-root MuiBox-root-99 makeStyles-mediaWrap-53"
            >
              <div
                className="MuiCardMedia-root makeStyles-media-54"
                style={
                  Object {
                    "backgroundImage": "url(\\"https://picsum.photos/id/412/240/120\\")",
                  }
                }
              />
            </div>
            <div
              className="MuiCardContent-root makeStyles-contentRoot-59"
            >
              <p
                className="MuiTypography-root MuiTypography-body1"
              >
                募集名が入ります。1 募集名が入ります。1募集名が入ります。1募集名が入ります。
              </p>
            </div>
          </div>
        </div>
        <div
          className="swiper-slide makeStyles-slideWidth-14 makeStyles-slideWidth-98"
        >
          <div
            className="MuiPaper-root MuiCard-root makeStyles-cardRoot-50 makeStyles-root-51 MuiPaper-elevation1 MuiPaper-rounded"
          >
            <div
              className="makeStyles-cornerWrap-55"
            >
              <div
                className="makeStyles-iconWrap-57"
              >
                <span
                  aria-hidden={true}
                  className="material-icons MuiIcon-root fas fa-users MuiIcon-fontSizeSmall"
                />
              </div>
              <div
                className="makeStyles-triangle-56"
              />
            </div>
            <div
              className="MuiBox-root MuiBox-root-100 makeStyles-mediaWrap-53"
            >
              <div
                className="MuiCardMedia-root makeStyles-media-54"
                style={
                  Object {
                    "backgroundImage": "url(\\"https://picsum.photos/id/403/240/120\\")",
                  }
                }
              />
            </div>
            <div
              className="MuiCardContent-root makeStyles-contentRoot-59"
            >
              <p
                className="MuiTypography-root MuiTypography-body1"
              >
                募集名が入ります。2募集名が入ります。2募集名が入ります。2募集名が入ります。2
              </p>
            </div>
          </div>
        </div>
        <div
          className="swiper-slide makeStyles-slideWidth-14 makeStyles-slideWidth-98"
        >
          <div
            className="MuiPaper-root MuiCard-root makeStyles-cardRoot-50 makeStyles-root-51 MuiPaper-elevation1 MuiPaper-rounded"
          >
            <div
              className="makeStyles-cornerWrap-55"
            >
              <div
                className="makeStyles-iconWrap-57"
              >
                <span
                  aria-hidden={true}
                  className="material-icons MuiIcon-root fas fa-users MuiIcon-fontSizeSmall"
                />
              </div>
              <div
                className="makeStyles-triangle-56"
              />
            </div>
            <div
              className="MuiBox-root MuiBox-root-101 makeStyles-mediaWrap-53"
            >
              <div
                className="MuiCardMedia-root makeStyles-media-54"
                style={
                  Object {
                    "backgroundImage": "url(\\"https://picsum.photos/id/402/240/120\\")",
                  }
                }
              />
            </div>
            <div
              className="MuiCardContent-root makeStyles-contentRoot-59"
            >
              <p
                className="MuiTypography-root MuiTypography-body1"
              >
                募集名が入ります。2募集名が入ります。2募集名が入ります。2募集名が入ります。2
              </p>
            </div>
          </div>
        </div>
        <div
          className="swiper-slide makeStyles-slideWidth-14 makeStyles-slideWidth-98"
        >
          <div
            className="MuiPaper-root MuiCard-root makeStyles-cardRoot-50 makeStyles-root-51 MuiPaper-elevation1 MuiPaper-rounded"
          >
            <div
              className="makeStyles-cornerWrap-55"
            >
              <div
                className="makeStyles-iconWrap-57"
              >
                <span
                  aria-hidden={true}
                  className="material-icons MuiIcon-root fas fa-users MuiIcon-fontSizeSmall"
                />
              </div>
              <div
                className="makeStyles-triangle-56"
              />
            </div>
            <div
              className="MuiBox-root MuiBox-root-102 makeStyles-mediaWrap-53"
            >
              <div
                className="MuiCardMedia-root makeStyles-media-54"
                style={
                  Object {
                    "backgroundImage": "url(\\"https://picsum.photos/id/401/240/120\\")",
                  }
                }
              />
            </div>
            <div
              className="MuiCardContent-root makeStyles-contentRoot-59"
            >
              <p
                className="MuiTypography-root MuiTypography-body1"
              >
                募集名が入ります。2募集名が入ります。2募集名が入ります。2募集名が入ります。2
              </p>
            </div>
          </div>
        </div>
        <div
          className="swiper-slide makeStyles-slideWidth-14 makeStyles-slideWidth-98"
        >
          <div
            className="MuiPaper-root MuiCard-root makeStyles-cardRoot-50 makeStyles-root-51 MuiPaper-elevation1 MuiPaper-rounded"
          >
            <div
              className="makeStyles-cornerWrap-55"
            >
              <div
                className="makeStyles-iconWrap-57"
              >
                <span
                  aria-hidden={true}
                  className="material-icons MuiIcon-root fas fa-users MuiIcon-fontSizeSmall"
                />
              </div>
              <div
                className="makeStyles-triangle-56"
              />
            </div>
            <div
              className="MuiBox-root MuiBox-root-103 makeStyles-mediaWrap-53"
            >
              <div
                className="MuiCardMedia-root makeStyles-media-54"
                style={
                  Object {
                    "backgroundImage": "url(\\"https://picsum.photos/id/400/240/120\\")",
                  }
                }
              />
            </div>
            <div
              className="MuiCardContent-root makeStyles-contentRoot-59"
            >
              <p
                className="MuiTypography-root MuiTypography-body1"
              >
                募集名が入ります。2募集名が入ります。2募集名が入ります。2募集名が入ります。25
              </p>
            </div>
          </div>
        </div>
        <div
          className="swiper-slide makeStyles-slideWidth-14 makeStyles-slideWidth-98"
        >
          <div
            className="MuiPaper-root MuiCard-root makeStyles-cardRoot-50 makeStyles-root-51 MuiPaper-elevation1 MuiPaper-rounded"
          >
            <div
              className="makeStyles-cornerWrap-55"
            >
              <div
                className="makeStyles-iconWrap-57"
              >
                <span
                  aria-hidden={true}
                  className="material-icons MuiIcon-root fas fa-users MuiIcon-fontSizeSmall"
                />
              </div>
              <div
                className="makeStyles-triangle-56"
              />
            </div>
            <div
              className="MuiBox-root MuiBox-root-104 makeStyles-mediaWrap-53"
            >
              <div
                className="MuiCardMedia-root makeStyles-media-54"
                style={
                  Object {
                    "backgroundImage": "url(\\"https://picsum.photos/id/399/240/120\\")",
                  }
                }
              />
            </div>
            <div
              className="MuiCardContent-root makeStyles-contentRoot-59"
            >
              <p
                className="MuiTypography-root MuiTypography-body1"
              >
                募集名が入ります。2募集名が入ります。2募集名が入ります。2募集名が入ります。26
              </p>
            </div>
          </div>
        </div>
        <div
          className="swiper-slide makeStyles-slideWidth-14 makeStyles-slideWidth-98"
        >
          <div
            className="MuiPaper-root MuiCard-root makeStyles-cardRoot-50 makeStyles-root-51 MuiPaper-elevation1 MuiPaper-rounded"
          >
            <div
              className="makeStyles-cornerWrap-55"
            >
              <div
                className="makeStyles-iconWrap-57"
              >
                <span
                  aria-hidden={true}
                  className="material-icons MuiIcon-root fas fa-users MuiIcon-fontSizeSmall"
                />
              </div>
              <div
                className="makeStyles-triangle-56"
              />
            </div>
            <div
              className="MuiBox-root MuiBox-root-105 makeStyles-mediaWrap-53"
            >
              <div
                className="MuiCardMedia-root makeStyles-media-54"
                style={
                  Object {
                    "backgroundImage": "url(\\"https://picsum.photos/id/398/240/120\\")",
                  }
                }
              />
            </div>
            <div
              className="MuiCardContent-root makeStyles-contentRoot-59"
            >
              <p
                className="MuiTypography-root MuiTypography-body1"
              >
                募集名が入ります。2募集名が入ります。2募集名が入ります。2募集名が入ります。27
              </p>
            </div>
          </div>
        </div>
        <div
          className="swiper-slide makeStyles-slideWidth-14 makeStyles-slideWidth-98"
        >
          <div
            className="MuiPaper-root MuiCard-root makeStyles-cardRoot-50 makeStyles-root-51 MuiPaper-elevation1 MuiPaper-rounded"
          >
            <div
              className="makeStyles-cornerWrap-55"
            >
              <div
                className="makeStyles-iconWrap-57"
              >
                <span
                  aria-hidden={true}
                  className="material-icons MuiIcon-root fas fa-users MuiIcon-fontSizeSmall"
                />
              </div>
              <div
                className="makeStyles-triangle-56"
              />
            </div>
            <div
              className="MuiBox-root MuiBox-root-106 makeStyles-mediaWrap-53"
            >
              <div
                className="MuiCardMedia-root makeStyles-media-54"
                style={
                  Object {
                    "backgroundImage": "url(\\"https://picsum.photos/id/397/240/120\\")",
                  }
                }
              />
            </div>
            <div
              className="MuiCardContent-root makeStyles-contentRoot-59"
            >
              <p
                className="MuiTypography-root MuiTypography-body1"
              >
                募集名が入ります。2募集名が入ります。2募集名が入ります。2募集名が入ります。28
              </p>
            </div>
          </div>
        </div>
      </div>
      <div
        className="makeStyles-sliderButtonPrev-10"
      >
        <span
          aria-hidden={true}
          className="material-icons MuiIcon-root makeStyles-fas-11 fas fa-chevron-left MuiIcon-fontSizeSmall"
        />
      </div>
      <div
        className="makeStyles-sliderButtonNext-9"
      >
        <span
          aria-hidden={true}
          className="material-icons MuiIcon-root makeStyles-fas-11 fas fa-chevron-right MuiIcon-fontSizeSmall"
        />
      </div>
      <div
        className="MuiBox-root MuiBox-root-107"
        slot="container-end"
      >
        <a
          className="MuiTypography-root MuiLink-root MuiLink-underlineHover makeStyles-moreLink-12 MuiTypography-colorPrimary"
          href="#"
          onBlur={[Function]}
          onFocus={[Function]}
        >
          <p
            className="MuiTypography-root MuiTypography-body1"
          >
            common:common.see_more
            <span
              aria-hidden={true}
              className="material-icons MuiIcon-root makeStyles-moreIcon-13 fas fa-chevron-right MuiIcon-fontSizeSmall"
            />
          </p>
        </a>
      </div>
    </div>
  </div>,
  <div
    className="slideWrap"
  >
    <div
      className="swiper-container makeStyles-wrap-8"
    >
      <h3
        className="MuiTypography-root makeStyles-containerStart-15 MuiTypography-h3 MuiTypography-gutterBottom"
        slot="container-start"
      >
        フォローしている人の書き込みトピック
      </h3>
      <div
        className="swiper-wrapper"
      >
        <div
          className="swiper-slide makeStyles-slideWidth-14 makeStyles-slideWidth-108"
        >
          <div
            className="MuiPaper-root MuiCard-root makeStyles-cardRoot-50 makeStyles-root-51 MuiPaper-elevation1 MuiPaper-rounded"
          >
            <div
              className="makeStyles-cornerWrap-55"
            >
              <div
                className="makeStyles-iconWrap-57"
              >
                <span
                  aria-hidden={true}
                  className="material-icons MuiIcon-root fas fa-users MuiIcon-fontSizeSmall"
                />
              </div>
              <div
                className="makeStyles-triangle-56"
              />
            </div>
            <div
              className="MuiBox-root MuiBox-root-109 makeStyles-mediaWrap-53"
            >
              <div
                className="MuiCardMedia-root makeStyles-media-54"
                style={
                  Object {
                    "backgroundImage": "url(\\"https://picsum.photos/id/412/240/120\\")",
                  }
                }
              />
            </div>
            <div
              className="MuiCardContent-root makeStyles-contentRoot-59"
            >
              <p
                className="MuiTypography-root MuiTypography-body1"
              >
                募集名が入ります。1 募集名が入ります。1募集名が入ります。1募集名が入ります。
              </p>
            </div>
          </div>
        </div>
        <div
          className="swiper-slide makeStyles-slideWidth-14 makeStyles-slideWidth-108"
        >
          <div
            className="MuiPaper-root MuiCard-root makeStyles-cardRoot-50 makeStyles-root-51 MuiPaper-elevation1 MuiPaper-rounded"
          >
            <div
              className="makeStyles-cornerWrap-55"
            >
              <div
                className="makeStyles-iconWrap-57"
              >
                <span
                  aria-hidden={true}
                  className="material-icons MuiIcon-root fas fa-users MuiIcon-fontSizeSmall"
                />
              </div>
              <div
                className="makeStyles-triangle-56"
              />
            </div>
            <div
              className="MuiBox-root MuiBox-root-110 makeStyles-mediaWrap-53"
            >
              <div
                className="MuiCardMedia-root makeStyles-media-54"
                style={
                  Object {
                    "backgroundImage": "url(\\"https://picsum.photos/id/403/240/120\\")",
                  }
                }
              />
            </div>
            <div
              className="MuiCardContent-root makeStyles-contentRoot-59"
            >
              <p
                className="MuiTypography-root MuiTypography-body1"
              >
                募集名が入ります。2募集名が入ります。2募集名が入ります。2募集名が入ります。2
              </p>
            </div>
          </div>
        </div>
        <div
          className="swiper-slide makeStyles-slideWidth-14 makeStyles-slideWidth-108"
        >
          <div
            className="MuiPaper-root MuiCard-root makeStyles-cardRoot-50 makeStyles-root-51 MuiPaper-elevation1 MuiPaper-rounded"
          >
            <div
              className="makeStyles-cornerWrap-55"
            >
              <div
                className="makeStyles-iconWrap-57"
              >
                <span
                  aria-hidden={true}
                  className="material-icons MuiIcon-root fas fa-users MuiIcon-fontSizeSmall"
                />
              </div>
              <div
                className="makeStyles-triangle-56"
              />
            </div>
            <div
              className="MuiBox-root MuiBox-root-111 makeStyles-mediaWrap-53"
            >
              <div
                className="MuiCardMedia-root makeStyles-media-54"
                style={
                  Object {
                    "backgroundImage": "url(\\"https://picsum.photos/id/402/240/120\\")",
                  }
                }
              />
            </div>
            <div
              className="MuiCardContent-root makeStyles-contentRoot-59"
            >
              <p
                className="MuiTypography-root MuiTypography-body1"
              >
                募集名が入ります。2募集名が入ります。2募集名が入ります。2募集名が入ります。2
              </p>
            </div>
          </div>
        </div>
        <div
          className="swiper-slide makeStyles-slideWidth-14 makeStyles-slideWidth-108"
        >
          <div
            className="MuiPaper-root MuiCard-root makeStyles-cardRoot-50 makeStyles-root-51 MuiPaper-elevation1 MuiPaper-rounded"
          >
            <div
              className="makeStyles-cornerWrap-55"
            >
              <div
                className="makeStyles-iconWrap-57"
              >
                <span
                  aria-hidden={true}
                  className="material-icons MuiIcon-root fas fa-users MuiIcon-fontSizeSmall"
                />
              </div>
              <div
                className="makeStyles-triangle-56"
              />
            </div>
            <div
              className="MuiBox-root MuiBox-root-112 makeStyles-mediaWrap-53"
            >
              <div
                className="MuiCardMedia-root makeStyles-media-54"
                style={
                  Object {
                    "backgroundImage": "url(\\"https://picsum.photos/id/401/240/120\\")",
                  }
                }
              />
            </div>
            <div
              className="MuiCardContent-root makeStyles-contentRoot-59"
            >
              <p
                className="MuiTypography-root MuiTypography-body1"
              >
                募集名が入ります。2募集名が入ります。2募集名が入ります。2募集名が入ります。2
              </p>
            </div>
          </div>
        </div>
        <div
          className="swiper-slide makeStyles-slideWidth-14 makeStyles-slideWidth-108"
        >
          <div
            className="MuiPaper-root MuiCard-root makeStyles-cardRoot-50 makeStyles-root-51 MuiPaper-elevation1 MuiPaper-rounded"
          >
            <div
              className="makeStyles-cornerWrap-55"
            >
              <div
                className="makeStyles-iconWrap-57"
              >
                <span
                  aria-hidden={true}
                  className="material-icons MuiIcon-root fas fa-users MuiIcon-fontSizeSmall"
                />
              </div>
              <div
                className="makeStyles-triangle-56"
              />
            </div>
            <div
              className="MuiBox-root MuiBox-root-113 makeStyles-mediaWrap-53"
            >
              <div
                className="MuiCardMedia-root makeStyles-media-54"
                style={
                  Object {
                    "backgroundImage": "url(\\"https://picsum.photos/id/400/240/120\\")",
                  }
                }
              />
            </div>
            <div
              className="MuiCardContent-root makeStyles-contentRoot-59"
            >
              <p
                className="MuiTypography-root MuiTypography-body1"
              >
                募集名が入ります。2募集名が入ります。2募集名が入ります。2募集名が入ります。25
              </p>
            </div>
          </div>
        </div>
        <div
          className="swiper-slide makeStyles-slideWidth-14 makeStyles-slideWidth-108"
        >
          <div
            className="MuiPaper-root MuiCard-root makeStyles-cardRoot-50 makeStyles-root-51 MuiPaper-elevation1 MuiPaper-rounded"
          >
            <div
              className="makeStyles-cornerWrap-55"
            >
              <div
                className="makeStyles-iconWrap-57"
              >
                <span
                  aria-hidden={true}
                  className="material-icons MuiIcon-root fas fa-users MuiIcon-fontSizeSmall"
                />
              </div>
              <div
                className="makeStyles-triangle-56"
              />
            </div>
            <div
              className="MuiBox-root MuiBox-root-114 makeStyles-mediaWrap-53"
            >
              <div
                className="MuiCardMedia-root makeStyles-media-54"
                style={
                  Object {
                    "backgroundImage": "url(\\"https://picsum.photos/id/399/240/120\\")",
                  }
                }
              />
            </div>
            <div
              className="MuiCardContent-root makeStyles-contentRoot-59"
            >
              <p
                className="MuiTypography-root MuiTypography-body1"
              >
                募集名が入ります。2募集名が入ります。2募集名が入ります。2募集名が入ります。26
              </p>
            </div>
          </div>
        </div>
        <div
          className="swiper-slide makeStyles-slideWidth-14 makeStyles-slideWidth-108"
        >
          <div
            className="MuiPaper-root MuiCard-root makeStyles-cardRoot-50 makeStyles-root-51 MuiPaper-elevation1 MuiPaper-rounded"
          >
            <div
              className="makeStyles-cornerWrap-55"
            >
              <div
                className="makeStyles-iconWrap-57"
              >
                <span
                  aria-hidden={true}
                  className="material-icons MuiIcon-root fas fa-users MuiIcon-fontSizeSmall"
                />
              </div>
              <div
                className="makeStyles-triangle-56"
              />
            </div>
            <div
              className="MuiBox-root MuiBox-root-115 makeStyles-mediaWrap-53"
            >
              <div
                className="MuiCardMedia-root makeStyles-media-54"
                style={
                  Object {
                    "backgroundImage": "url(\\"https://picsum.photos/id/398/240/120\\")",
                  }
                }
              />
            </div>
            <div
              className="MuiCardContent-root makeStyles-contentRoot-59"
            >
              <p
                className="MuiTypography-root MuiTypography-body1"
              >
                募集名が入ります。2募集名が入ります。2募集名が入ります。2募集名が入ります。27
              </p>
            </div>
          </div>
        </div>
        <div
          className="swiper-slide makeStyles-slideWidth-14 makeStyles-slideWidth-108"
        >
          <div
            className="MuiPaper-root MuiCard-root makeStyles-cardRoot-50 makeStyles-root-51 MuiPaper-elevation1 MuiPaper-rounded"
          >
            <div
              className="makeStyles-cornerWrap-55"
            >
              <div
                className="makeStyles-iconWrap-57"
              >
                <span
                  aria-hidden={true}
                  className="material-icons MuiIcon-root fas fa-users MuiIcon-fontSizeSmall"
                />
              </div>
              <div
                className="makeStyles-triangle-56"
              />
            </div>
            <div
              className="MuiBox-root MuiBox-root-116 makeStyles-mediaWrap-53"
            >
              <div
                className="MuiCardMedia-root makeStyles-media-54"
                style={
                  Object {
                    "backgroundImage": "url(\\"https://picsum.photos/id/397/240/120\\")",
                  }
                }
              />
            </div>
            <div
              className="MuiCardContent-root makeStyles-contentRoot-59"
            >
              <p
                className="MuiTypography-root MuiTypography-body1"
              >
                募集名が入ります。2募集名が入ります。2募集名が入ります。2募集名が入ります。28
              </p>
            </div>
          </div>
        </div>
      </div>
      <div
        className="makeStyles-sliderButtonPrev-10"
      >
        <span
          aria-hidden={true}
          className="material-icons MuiIcon-root makeStyles-fas-11 fas fa-chevron-left MuiIcon-fontSizeSmall"
        />
      </div>
      <div
        className="makeStyles-sliderButtonNext-9"
      >
        <span
          aria-hidden={true}
          className="material-icons MuiIcon-root makeStyles-fas-11 fas fa-chevron-right MuiIcon-fontSizeSmall"
        />
      </div>
      <div
        className="MuiBox-root MuiBox-root-117"
        slot="container-end"
      >
        <a
          className="MuiTypography-root MuiLink-root MuiLink-underlineHover makeStyles-moreLink-12 MuiTypography-colorPrimary"
          href="#"
          onBlur={[Function]}
          onFocus={[Function]}
        >
          <p
            className="MuiTypography-root MuiTypography-body1"
          >
            common:common.see_more
            <span
              aria-hidden={true}
              className="material-icons MuiIcon-root makeStyles-moreIcon-13 fas fa-chevron-right MuiIcon-fontSizeSmall"
            />
          </p>
        </a>
      </div>
    </div>
  </div>,
]
`;
